Component: Arm Compiler for Embedded 6.23 Tool: armlink [5f102400]

==============================================================================

Section Cross References

    heap_4.o(.text.pvPortMalloc) refers to tasks.o(.text.vTaskSuspendAll) for vTaskSuspendAll
    heap_4.o(.text.pvPortMalloc) refers to heap_4.o(.bss.pxEnd) for pxEnd
    heap_4.o(.text.pvPortMalloc) refers to heap_4.o(.bss.xFreeBytesRemaining) for xFreeBytesRemaining
    heap_4.o(.text.pvPortMalloc) refers to heap_4.o(.bss.ucHeap) for ucHeap
    heap_4.o(.text.pvPortMalloc) refers to heap_4.o(.bss.xStart) for xStart
    heap_4.o(.text.pvPortMalloc) refers to heap_4.o(.bss.xMinimumEverFreeBytesRemaining) for xMinimumEverFreeBytesRemaining
    heap_4.o(.text.pvPortMalloc) refers to heap_4.o(.bss.xNumberOfSuccessfulAllocations) for xNumberOfSuccessfulAllocations
    heap_4.o(.text.pvPortMalloc) refers to tasks.o(.text.xTaskResumeAll) for xTaskResumeAll
    heap_4.o(.ARM.exidx.text.pvPortMalloc) refers to heap_4.o(.text.pvPortMalloc) for [Anonymous Symbol]
    heap_4.o(.text.vPortFree) refers to tasks.o(.text.vTaskSuspendAll) for vTaskSuspendAll
    heap_4.o(.text.vPortFree) refers to heap_4.o(.bss.xFreeBytesRemaining) for xFreeBytesRemaining
    heap_4.o(.text.vPortFree) refers to heap_4.o(.bss.xStart) for xStart
    heap_4.o(.text.vPortFree) refers to heap_4.o(.bss.pxEnd) for pxEnd
    heap_4.o(.text.vPortFree) refers to heap_4.o(.bss.xNumberOfSuccessfulFrees) for xNumberOfSuccessfulFrees
    heap_4.o(.text.vPortFree) refers to tasks.o(.text.xTaskResumeAll) for xTaskResumeAll
    heap_4.o(.ARM.exidx.text.vPortFree) refers to heap_4.o(.text.vPortFree) for [Anonymous Symbol]
    heap_4.o(.text.xPortGetFreeHeapSize) refers to heap_4.o(.bss.xFreeBytesRemaining) for xFreeBytesRemaining
    heap_4.o(.ARM.exidx.text.xPortGetFreeHeapSize) refers to heap_4.o(.text.xPortGetFreeHeapSize) for [Anonymous Symbol]
    heap_4.o(.text.xPortGetMinimumEverFreeHeapSize) refers to heap_4.o(.bss.xMinimumEverFreeBytesRemaining) for xMinimumEverFreeBytesRemaining
    heap_4.o(.ARM.exidx.text.xPortGetMinimumEverFreeHeapSize) refers to heap_4.o(.text.xPortGetMinimumEverFreeHeapSize) for [Anonymous Symbol]
    heap_4.o(.ARM.exidx.text.vPortInitialiseBlocks) refers to heap_4.o(.text.vPortInitialiseBlocks) for [Anonymous Symbol]
    heap_4.o(.text.pvPortCalloc) refers to heap_4.o(.text.pvPortMalloc) for pvPortMalloc
    heap_4.o(.text.pvPortCalloc) refers to rt_memclr.o(.text) for __aeabi_memclr
    heap_4.o(.ARM.exidx.text.pvPortCalloc) refers to heap_4.o(.text.pvPortCalloc) for [Anonymous Symbol]
    heap_4.o(.text.vPortGetHeapStats) refers to tasks.o(.text.vTaskSuspendAll) for vTaskSuspendAll
    heap_4.o(.text.vPortGetHeapStats) refers to heap_4.o(.bss.xStart) for xStart
    heap_4.o(.text.vPortGetHeapStats) refers to heap_4.o(.bss.pxEnd) for pxEnd
    heap_4.o(.text.vPortGetHeapStats) refers to tasks.o(.text.xTaskResumeAll) for xTaskResumeAll
    heap_4.o(.text.vPortGetHeapStats) refers to port.o(.text.vPortEnterCritical) for vPortEnterCritical
    heap_4.o(.text.vPortGetHeapStats) refers to heap_4.o(.bss.xFreeBytesRemaining) for xFreeBytesRemaining
    heap_4.o(.text.vPortGetHeapStats) refers to heap_4.o(.bss.xMinimumEverFreeBytesRemaining) for xMinimumEverFreeBytesRemaining
    heap_4.o(.text.vPortGetHeapStats) refers to heap_4.o(.bss.xNumberOfSuccessfulAllocations) for xNumberOfSuccessfulAllocations
    heap_4.o(.text.vPortGetHeapStats) refers to heap_4.o(.bss.xNumberOfSuccessfulFrees) for xNumberOfSuccessfulFrees
    heap_4.o(.text.vPortGetHeapStats) refers to port.o(.text.vPortExitCritical) for vPortExitCritical
    heap_4.o(.ARM.exidx.text.vPortGetHeapStats) refers to heap_4.o(.text.vPortGetHeapStats) for [Anonymous Symbol]
    port.o(.text.pxPortInitialiseStack) refers to port.o(.text.prvTaskExitError) for prvTaskExitError
    port.o(.ARM.exidx.text.pxPortInitialiseStack) refers to port.o(.text.pxPortInitialiseStack) for [Anonymous Symbol]
    port.o(.ARM.exidx.text.prvTaskExitError) refers to port.o(.text.prvTaskExitError) for [Anonymous Symbol]
    port.o(.text.SVC_Handler) refers to tasks.o(.bss.pxCurrentTCB) for pxCurrentTCB
    port.o(.ARM.exidx.text.SVC_Handler) refers to port.o(.text.SVC_Handler) for [Anonymous Symbol]
    port.o(.text.xPortStartScheduler) refers to port.o(.text.vPortSetupTimerInterrupt) for vPortSetupTimerInterrupt
    port.o(.text.xPortStartScheduler) refers to port.o(.data.uxCriticalNesting) for uxCriticalNesting
    port.o(.text.xPortStartScheduler) refers to port.o(.text.prvPortStartFirstTask) for prvPortStartFirstTask
    port.o(.text.xPortStartScheduler) refers to tasks.o(.text.vTaskSwitchContext) for vTaskSwitchContext
    port.o(.ARM.exidx.text.xPortStartScheduler) refers to port.o(.text.xPortStartScheduler) for [Anonymous Symbol]
    port.o(.text.vPortSetupTimerInterrupt) refers to system_stm32f10x.o(.data.SystemCoreClock) for SystemCoreClock
[...]
    .ARM.Collect$$_printf_percent$$0000000A  0x0800018c   Section        6  _printf_u.o(.ARM.Collect$$_printf_percent$$0000000A)
    .ARM.Collect$$_printf_percent$$00000017  0x08000192   Section        4  _printf_percent_end.o(.ARM.Collect$$_printf_percent$$00000017)
    .ARM.Collect$$libinit$$00000000          0x08000196   Section        2  libinit.o(.ARM.Collect$$libinit$$00000000)
    .ARM.Collect$$libinit$$00000002          0x08000198   Section        0  libinit2.o(.ARM.Collect$$libinit$$00000002)
    .ARM.Collect$$libinit$$00000004          0x08000198   Section        0  libinit2.o(.ARM.Collect$$libinit$$00000004)
    .ARM.Collect$$libinit$$00000006          0x08000198   Section        0  libinit2.o(.ARM.Collect$$libinit$$00000006)
    .ARM.Collect$$libinit$$00000007          0x08000198   Section        8  libinit2.o(.ARM.Collect$$libinit$$00000007)
    .ARM.Collect$$libinit$$0000000C          0x080001a0   Section        0  libinit2.o(.ARM.Collect$$libinit$$0000000C)
    .ARM.Collect$$libinit$$0000000E          0x080001a0   Section        0  libinit2.o(.ARM.Collect$$libinit$$0000000E)
    .ARM.Collect$$libinit$$00000010          0x080001a0   Section        0  libinit2.o(.ARM.Collect$$libinit$$00000010)
    .ARM.Collect$$libinit$$00000013          0x080001a0   Section        0  libinit2.o(.ARM.Collect$$libinit$$00000013)
    .ARM.Collect$$libinit$$00000015          0x080001a0   Section        0  libinit2.o(.ARM.Collect$$libinit$$00000015)
    .ARM.Collect$$libinit$$00000017          0x080001a0   Section        0  libinit2.o(.ARM.Collect$$libinit$$00000017)
    .ARM.Collect$$libinit$$00000019          0x080001a0   Section        0  libinit2.o(.ARM.Collect$$libinit$$00000019)
    .ARM.Collect$$libinit$$0000001B          0x080001a0   Section        0  libinit2.o(.ARM.Collect$$libinit$$0000001B)
    .ARM.Collect$$libinit$$0000001D          0x080001a0   Section        0  libinit2.o(.ARM.Collect$$libinit$$0000001D)
    .ARM.Collect$$libinit$$0000001F          0x080001a0   Section        0  libinit2.o(.ARM.Collect$$libinit$$0000001F)
    .ARM.Collect$$libinit$$00000021          0x080001a0   Section        0  libinit2.o(.ARM.Collect$$libinit$$00000021)
    .ARM.Collect$$libinit$$00000023          0x080001a0   Section        0  libinit2.o(.ARM.Collect$$libinit$$00000023)
    .ARM.Collect$$libinit$$00000025          0x080001a0   Section        0  libinit2.o(.ARM.Collect$$libinit$$00000025)
    .ARM.Collect$$libinit$$00000026          0x080001a0   Section        4  libinit2.o(.ARM.Collect$$libinit$$00000026)
    .ARM.Collect$$libinit$$00000027          0x080001a4   Section        0  libinit2.o(.ARM.Collect$$libinit$$00000027)
    .ARM.Collect$$libinit$$0000002E          0x080001a4   Section        0  libinit2.o(.ARM.Collect$$libinit$$0000002E)
    .ARM.Collect$$libinit$$00000030          0x080001a4   Section        0  libinit2.o(.ARM.Collect$$libinit$$00000030)
    .ARM.Collect$$libinit$$00000032          0x080001a4   Section        0  libinit2.o(.ARM.Collect$$libinit$$00000032)
    .ARM.Collect$$libinit$$00000034          0x080001a4   Section        0  libinit2.o(.ARM.Collect$$libinit$$00000034)
    .ARM.Collect$$libinit$$00000035          0x080001a4   Section        2  libinit2.o(.ARM.Collect$$libinit$$00000035)
    .ARM.Collect$$libshutdown$$00000000      0x080001a6   Section        2  libshutdown.o(.ARM.Collect$$libshutdown$$00000000)
    .ARM.Collect$$libshutdown$$00000002      0x080001a8   Section        0  libshutdown2.o(.ARM.Collect$$libshutdown$$00000002)
    .ARM.Collect$$libshutdown$$00000003      0x080001a8   Section        4  libshutdown2.o(.ARM.Collect$$libshutdown$$00000003)
    .ARM.Collect$$libshutdown$$00000004      0x080001ac   Section        0  libshutdown2.o(.ARM.Collect$$libshutdown$$00000004)
    .ARM.Collect$$libshutdown$$00000007      0x080001ac   Section        0  libshutdown2.o(.ARM.Collect$$libshutdown$$00000007)
    .ARM.Collect$$libshutdown$$0000000A      0x080001ac   Section        0  libshutdown2.o(.ARM.Collect$$libshutdown$$0000000A)
    .ARM.Collect$$libshutdown$$0000000C      0x080001ac   Section        0  libshutdown2.o(.ARM.Collect$$libshutdown$$0000000C)
    .ARM.Collect$$libshutdown$$0000000F      0x080001ac   Section        0  libshutdown2.o(.ARM.Collect$$libshutdown$$0000000F)
    .ARM.Collect$$libshutdown$$00000010      0x080001ac   Section        2  libshutdown2.o(.ARM.Collect$$libshutdown$$00000010)
    .ARM.Collect$$rtentry$$00000000          0x080001ae   Section        0  __rtentry.o(.ARM.Collect$$rtentry$$00000000)
    .ARM.Collect$$rtentry$$00000002          0x080001ae   Section        0  __rtentry2.o(.ARM.Collect$$rtentry$$00000002)
    .ARM.Collect$$rtentry$$00000004          0x080001ae   Section        6  __rtentry4.o(.ARM.Collect$$rtentry$$00000004)
    .ARM.Collect$$rtentry$$00000009          0x080001b4   Section        0  __rtentry2.o(.ARM.Collect$$rtentry$$00000009)
    .ARM.Collect$$rtentry$$0000000A          0x080001b4   Section        4  __rtentry2.o(.ARM.Collect$$rtentry$$0000000A)
    .ARM.Collect$$rtentry$$0000000C          0x080001b8   Section        0  __rtentry2.o(.ARM.Collect$$rtentry$$0000000C)
    .ARM.Collect$$rtentry$$0000000D          0x080001b8   Section        8  __rtentry2.o(.ARM.Collect$$rtentry$$0000000D)
    .ARM.Collect$$rtexit$$00000000           0x080001c0   Section        2  rtexit.o(.ARM.Collect$$rtexit$$00000000)
    .ARM.Collect$$rtexit$$00000002           0x080001c2   Section        0  rtexit2.o(.ARM.Collect$$rtexit$$00000002)
    .ARM.Collect$$rtexit$$00000003           0x080001c2   Section        4  rtexit2.o(.ARM.Collect$$rtexit$$00000003)
    .ARM.Collect$$rtexit$$00000004           0x080001c6   Section        6  rtexit2.o(.ARM.Collect$$rtexit$$00000004)
    .text                                    0x080001cc   Section       64  startup_stm32f10x_md.o(.text)
    .text                                    0x0800020c   Section        0  noretval__2printf.o(.text)
    .text                                    0x08000224   Section        0  _printf_dec.o(.text)
    .text                                    0x0800029c   Section        0  __printf_ss.o(.text)
    .text                                    0x08000354   Section        0  puts.o(.text)
    .text                                    0x08000380   Section      138  rt_memcpy_v6.o(.text)
    .text                                    0x0800040a   Section       68  rt_memclr.o(.text)
    .text                                    0x0800044e   Section       78  rt_memclr_w.o(.text)
    .text                                    0x0800049c   Section        0  heapauxi.o(.text)
    .text                                    0x080004a2   Section        0  _printf_intcommon.o(.text)
    .text                                    0x08000554   Section        0  _printf_char_file.o(.text)
    .text                                    0x08000578   Section      100  rt_memcpy_w.o(.text)
    _printf_input_char                       0x080005dd   Thumb Code    10  _printf_char_common.o(.text)
    .text                                    0x080005dc   Section        0  _printf_char_common.o(.text)
    .text                                    0x0800060c   Section        0  ferror.o(.text)
    .text                                    0x08000614   Section        0  initio.o(.text)
    .text                                    0x0800074c   Section       74  sys_stackheap_outer.o(.text)
    .text                                    0x08000796   Section        0  h1_free.o(.text)
    .text                                    0x080007e4   Section        0  setvbuf.o(.text)
    _freopen_locked                          0x0800082d   Thumb Code     0  fopen.o(.text)
    .text                                    0x0800082c   Section        0  fopen.o(.text)
    .text                                    0x0800091c   Section        0  fclose.o(.text)
    .text                                    0x08000968   Section        0  exit.o(.text)
    .text                                    0x0800097a   Section        0  defsig_rtred_outer.o(.text)
    .text                                    0x08000988   Section        0  sys_io.o(.text)
    .text                                    0x080009f0   Section        8  libspace.o(.text)
    .text                                    0x080009f8   Section        8  rt_heap_descriptor_intlibspace.o(.text)
    .text                                    0x08000a00   Section        0  hguard.o(.text)
    .text                                    0x08000a04   Section        0  init_alloc.o(.text)
    .text                                    0x08000a8e   Section        0  h1_alloc.o(.text)
    .text                                    0x08000aec   Section        0  fseek.o(.text)
    .text                                    0x08000be4   Section        0  stdio.o(.text)
    .text                                    0x08000cec   Section        0  defsig_exit.o(.text)
    .text                                    0x08000cf8   Section        0  defsig_rtred_inner.o(.text)
    .text                                    0x08000d2c   Section        0  sys_exit.o(.text)
    .text                                    0x08000d38   Section        2  use_no_semi.o(.text)
    .text                                    0x08000d3a   Section        0  indicate_semi.o(.text)
    .text                                    0x08000d3a   Section        0  maybetermalloc1.o(.text)
    .text                                    0x08000d3a   Section        0  h1_init.o(.text)
    .text                                    0x08000d46   Section        0  h1_extend.o(.text)
    .text                                    0x08000d7a   Section        0  ftell.o(.text)
    .text                                    0x08000dbc   Section        0  defsig_general.o(.text)
    .text                                    0x08000dee   Section        0  defsig_rtmem_outer.o(.text)
    .text                                    0x08000dfc   Section        0  strlen.o(.text)
    .text                                    0x08000e3a   Section        0  sys_wrch.o(.text)
    .text                                    0x08000e48   Section        8  rt_errno_addr_intlibspace.o(.text)
    .text                                    0x08000e50   Section        0  defsig_rtmem_inner.o(.text)
    [Anonymous Symbol]                       0x08000ea0   Section        0  stm32f10x_it.o(.text.BusFault_Handler)
    [Anonymous Symbol]                       0x08000ea4   Section        0  stm32f10x_it.o(.text.DebugMon_Handler)
    [Anonymous Symbol]                       0x08000ea8   Section        0  stm32f10x_gpio.o(.text.GPIO_Init)
    [Anonymous Symbol]                       0x08000f64   Section        0  stm32f10x_it.o(.text.HardFault_Handler)
    [Anonymous Symbol]                       0x08000f68   Section        0  stm32f10x_it.o(.text.MemManage_Handler)
    [Anonymous Symbol]                       0x08000f6c   Section        0  stm32f10x_it.o(.text.NMI_Handler)
    [Anonymous Symbol]                       0x08000f70   Section        0  misc.o(.text.NVIC_Init)
    [Anonymous Symbol]                       0x08000fd0   Section        0  misc.o(.text.NVIC_PriorityGroupConfig)
    [Anonymous Symbol]                       0x08000ff0   Section        0  port.o(.text.PendSV_Handler)
    pxCurrentTCBConst                        0x08001030   Number         0  port.o(.text.PendSV_Handler)
    [Anonymous Symbol]                       0x08001034   Section        0  stm32f10x_rcc.o(.text.RCC_APB2PeriphClockCmd)
    [Anonymous Symbol]                       0x0800104c   Section        0  stm32f10x_rcc.o(.text.RCC_GetClocksFreq)
    [Anonymous Symbol]                       0x080010e0   Section        0  port.o(.text.SVC_Handler)
    pxCurrentTCBConst2                       0x08001100   Number         0  port.o(.text.SVC_Handler)
    [Anonymous Symbol]                       0x08001104   Section        0  stm32f10x_it.o(.text.SysTick_Handler)
    [Anonymous Symbol]                       0x08001118   Section        0  system_stm32f10x.o(.text.SystemInit)
    [Anonymous Symbol]                       0x08001224   Section        0  stm32f10x_usart.o(.text.USART_Cmd)
    [Anonymous Symbol]                       0x08001238   Section        0  usart.o(.text.USART_Config)
    [Anonymous Symbol]                       0x080012d0   Section        0  stm32f10x_usart.o(.text.USART_GetFlagStatus)
    [Anonymous Symbol]                       0x080012dc   Section        0  stm32f10x_usart.o(.text.USART_ITConfig)
    [Anonymous Symbol]                       0x0800130c   Section        0  stm32f10x_usart.o(.text.USART_Init)
    [Anonymous Symbol]                       0x080013c4   Section        0  stm32f10x_usart.o(.text.USART_SendData)
    [Anonymous Symbol]                       0x080013cc   Section        0  stm32f10x_it.o(.text.UsageFault_Handler)
    [Anonymous Symbol]                       0x080013d0   Section        0  tasks.o(.text.eTaskConfirmSleepModeStatus)
    [Anonymous Symbol]                       0x08001418   Section        0  usart.o(.text.fputc)
    [Anonymous Symbol]                       0x0800143c   Section        0  main.o(.text.main)
    [Anonymous Symbol]                       0x080014c4   Section        0  main.o(.text.myTask1)
    [Anonymous Symbol]                       0x08001548   Section        0  main.o(.text.myTask2)
    prvAddCurrentTaskToDelayedList           0x080015d9   Thumb Code   192  tasks.o(.text.prvAddCurrentTaskToDelayedList)
    [Anonymous Symbol]                       0x080015d8   Section        0  tasks.o(.text.prvAddCurrentTaskToDelayedList)
    prvAddNewTaskToReadyList                 0x08001699   Thumb Code   306  tasks.o(.text.prvAddNewTaskToReadyList)
    [Anonymous Symbol]                       0x08001698   Section        0  tasks.o(.text.prvAddNewTaskToReadyList)
    prvIdleTask                              0x080017cd   Thumb Code   294  tasks.o(.text.prvIdleTask)
    [Anonymous Symbol]                       0x080017cc   Section        0  tasks.o(.text.prvIdleTask)
    prvPortStartFirstTask                    0x080018f5   Thumb Code    32  port.o(.text.prvPortStartFirstTask)
    [Anonymous Symbol]                       0x080018f4   Section        0  port.o(.text.prvPortStartFirstTask)
    prvTaskExitError                         0x08001915   Thumb Code    34  port.o(.text.prvTaskExitError)
    [Anonymous Symbol]                       0x08001914   Section        0  port.o(.text.prvTaskExitError)
    prvUnlockQueue                           0x08001939   Thumb Code   116  queue.o(.text.prvUnlockQueue)
    [Anonymous Symbol]                       0x08001938   Section        0  queue.o(.text.prvUnlockQueue)
    [Anonymous Symbol]                       0x080019ac   Section        0  heap_4.o(.text.pvPortMalloc)
    [Anonymous Symbol]                       0x08001b00   Section        0  port.o(.text.pxPortInitialiseStack)
    [Anonymous Symbol]                       0x08001b20   Section        0  main.o(.text.startTask)
    [Anonymous Symbol]                       0x08001ba0   Section        0  list.o(.text.uxListRemove)
    [Anonymous Symbol]                       0x08001bc4   Section        0  queue.o(.text.uxQueueMessagesWaiting)
    [Anonymous Symbol]                       0x08001bd8   Section        0  main.o(.text.vApplicationGetIdleTaskMemory)
    [Anonymous Symbol]                       0x08001bf4   Section        0  list.o(.text.vListInitialise)
    [Anonymous Symbol]                       0x08001c0c   Section        0  list.o(.text.vListInitialiseItem)
    [Anonymous Symbol]                       0x08001c14   Section        0  list.o(.text.vListInsert)
    [Anonymous Symbol]                       0x08001c50   Section        0  list.o(.text.vListInsertEnd)
    [Anonymous Symbol]                       0x08001c6c   Section        0  port.o(.text.vPortEnterCritical)
    [Anonymous Symbol]                       0x08001c8c   Section        0  port.o(.text.vPortExitCritical)
    [Anonymous Symbol]                       0x08001ca8   Section        0  heap_4.o(.text.vPortFree)
    [Anonymous Symbol]                       0x08001d4c   Section        0  port.o(.text.vPortSetupTimerInterrupt)
    [Anonymous Symbol]                       0x08001db0   Section        0  port.o(.text.vPortSuppressTicksAndSleep)
    [Anonymous Symbol]                       0x08001ec4   Section        0  tasks.o(.text.vTaskDelay)
    [Anonymous Symbol]                       0x08001f70   Section        0  tasks.o(.text.vTaskDelete)
    [Anonymous Symbol]                       0x08002080   Section        0  tasks.o(.text.vTaskInternalSetTimeOutState)
    [Anonymous Symbol]                       0x0800209c   Section        0  tasks.o(.text.vTaskMissedYield)
    [Anonymous Symbol]                       0x080020ac   Section        0  tasks.o(.text.vTaskPlaceOnEventList)
    [Anonymous Symbol]                       0x080020cc   Section        0  tasks.o(.text.vTaskStartScheduler)
    [Anonymous Symbol]                       0x080021ac   Section        0  tasks.o(.text.vTaskStepTick)
    [Anonymous Symbol]                       0x080021ec   Section        0  tasks.o(.text.vTaskSuspendAll)
    __tagsym$$used.0                         0x080021fc   Number         0  tasks.o(.text.vTaskSwitchContext)
    [Anonymous Symbol]                       0x080021fc   Section        0  tasks.o(.text.vTaskSwitchContext)
    [Anonymous Symbol]                       0x08002268   Section        0  port.o(.text.xPortStartScheduler)
    [Anonymous Symbol]                       0x080022bc   Section        0  port.o(.text.xPortSysTickHandler)
    [Anonymous Symbol]                       0x080022ec   Section        0  queue.o(.text.xQueueCreateCountingSemaphore)
    [Anonymous Symbol]                       0x08002314   Section        0  queue.o(.text.xQueueGenericCreate)
    [Anonymous Symbol]                       0x0800239c   Section        0  queue.o(.text.xQueueGenericSend)
    [Anonymous Symbol]                       0x08002510   Section        0  queue.o(.text.xQueueSemaphoreTake)
    [Anonymous Symbol]                       0x08002640   Section        0  tasks.o(.text.xTaskCheckForTimeOut)
    [Anonymous Symbol]                       0x080026a0   Section        0  tasks.o(.text.xTaskCreate)
    [Anonymous Symbol]                       0x08002758   Section        0  tasks.o(.text.xTaskGetSchedulerState)
    [Anonymous Symbol]                       0x08002780   Section        0  tasks.o(.text.xTaskIncrementTick)
    [Anonymous Symbol]                       0x08002918   Section        0  tasks.o(.text.xTaskRemoveFromEventList)
    [Anonymous Symbol]                       0x08002a28   Section        0  tasks.o(.text.xTaskResumeAll)
    .constdata                               0x08002b90   Section        4  sys_io_names.o(.constdata)
    .constdata                               0x08002b94   Section        4  sys_io_names.o(.constdata)
    .constdata                               0x08002b98   Section        4  sys_io_names.o(.constdata)
    ADCPrescTable                            0x08002b9c   Data           4  stm32f10x_rcc.o(.rodata.ADCPrescTable)
    [Anonymous Symbol]                       0x08002b9c   Section        0  stm32f10x_rcc.o(.rodata.ADCPrescTable)
    APBAHBPrescTable                         0x08002ba0   Data          16  stm32f10x_rcc.o(.rodata.APBAHBPrescTable)
    [Anonymous Symbol]                       0x08002ba0   Section        0  stm32f10x_rcc.o(.rodata.APBAHBPrescTable)
    .L.str.10                                0x08002bb0   Data          90  main.o(.rodata.str1.1)
    [Anonymous Symbol]                       0x08002bb0   Section        0  main.o(.rodata.str1.1)
    .data                                    0x20000000   Section        4  stdio_streams.o(.data)
    .data                                    0x20000004   Section        4  stdio_streams.o(.data)
    .data                                    0x20000008   Section        4  stdio_streams.o(.data)
    uxCriticalNesting                        0x20000010   Data           4  port.o(.data.uxCriticalNesting)
    [Anonymous Symbol]                       0x20000010   Section        0  port.o(.data.uxCriticalNesting)
    .bss                                     0x20000018   Section       84  stdio_streams.o(.bss)
    .bss                                     0x2000006c   Section       84  stdio_streams.o(.bss)
    .bss                                     0x200000c0   Section       84  stdio_streams.o(.bss)
    .bss                                     0x20000114   Section       96  libspace.o(.bss)
    __tagsym$$used.1                         0x200003c8   Number         0  tasks.o(.bss.pxCurrentTCB)
    pxDelayedTaskList                        0x200003cc   Data           4  tasks.o(.bss.pxDelayedTaskList)
    [Anonymous Symbol]                       0x200003cc   Section        0  tasks.o(.bss.pxDelayedTaskList)
    pxEnd                                    0x200003d0   Data           4  heap_4.o(.bss.pxEnd)
    [Anonymous Symbol]                       0x200003d0   Section        0  heap_4.o(.bss.pxEnd)
    pxOverflowDelayedTaskList                0x200003d4   Data           4  tasks.o(.bss.pxOverflowDelayedTaskList)
    [Anonymous Symbol]                       0x200003d4   Section        0  tasks.o(.bss.pxOverflowDelayedTaskList)
    pxReadyTasksLists                        0x200003d8   Data         640  tasks.o(.bss.pxReadyTasksLists)
    [Anonymous Symbol]                       0x200003d8   Section        0  tasks.o(.bss.pxReadyTasksLists)
    ucHeap                                   0x20000660   Data       10240  heap_4.o(.bss.ucHeap)
    [Anonymous Symbol]                       0x20000660   Section        0  heap_4.o(.bss.ucHeap)
    ulStoppedTimerCompensation               0x20002e60   Data           1  port.o(.bss.ulStoppedTimerCompensation)
    [Anonymous Symbol]                       0x20002e60   Section        0  port.o(.bss.ulStoppedTimerCompensation)
    ulTimerCountsForOneTick                  0x20002e64   Data           4  port.o(.bss.ulTimerCountsForOneTick)
    [Anonymous Symbol]                       0x20002e64   Section        0  port.o(.bss.ulTimerCountsForOneTick)
    uxCurrentNumberOfTasks                   0x20002e68   Data           4  tasks.o(.bss.uxCurrentNumberOfTasks)
    [Anonymous Symbol]                       0x20002e68   Section        0  tasks.o(.bss.uxCurrentNumberOfTasks)
    uxDeletedTasksWaitingCleanUp             0x20002e6c   Data           4  tasks.o(.bss.uxDeletedTasksWaitingCleanUp)
    [Anonymous Symbol]                       0x20002e6c   Section        0  tasks.o(.bss.uxDeletedTasksWaitingCleanUp)
    uxSchedulerSuspended                     0x20002e70   Data           4  tasks.o(.bss.uxSchedulerSuspended)
    [Anonymous Symbol]                       0x20002e70   Section        0  tasks.o(.bss.uxSchedulerSuspended)
    uxTaskNumber                             0x20002e74   Data           4  tasks.o(.bss.uxTaskNumber)
    [Anonymous Symbol]                       0x20002e74   Section        0  tasks.o(.bss.uxTaskNumber)
    uxTopReadyPriority                       0x20002e78   Data           4  tasks.o(.bss.uxTopReadyPriority)
    [Anonymous Symbol]                       0x20002e78   Section        0  tasks.o(.bss.uxTopReadyPriority)
    xDelayedTaskList1                        0x20002e7c   Data          20  tasks.o(.bss.xDelayedTaskList1)
    [Anonymous Symbol]                       0x20002e7c   Section        0  tasks.o(.bss.xDelayedTaskList1)
    xDelayedTaskList2                        0x20002e90   Data          20  tasks.o(.bss.xDelayedTaskList2)
    [Anonymous Symbol]                       0x20002e90   Section        0  tasks.o(.bss.xDelayedTaskList2)
    xFreeBytesRemaining                      0x20002ea4   Data           4  heap_4.o(.bss.xFreeBytesRemaining)
    [Anonymous Symbol]                       0x20002ea4   Section        0  heap_4.o(.bss.xFreeBytesRemaining)
    xIdleTaskHandle                          0x20002ea8   Data           4  tasks.o(.bss.xIdleTaskHandle)
    [Anonymous Symbol]                       0x20002ea8   Section        0  tasks.o(.bss.xIdleTaskHandle)
    xMaximumPossibleSuppressedTicks          0x20002eac   Data           4  port.o(.bss.xMaximumPossibleSuppressedTicks)
    [Anonymous Symbol]                       0x20002eac   Section        0  port.o(.bss.xMaximumPossibleSuppressedTicks)
    xMinimumEverFreeBytesRemaining           0x20002eb0   Data           4  heap_4.o(.bss.xMinimumEverFreeBytesRemaining)
    [Anonymous Symbol]                       0x20002eb0   Section        0  heap_4.o(.bss.xMinimumEverFreeBytesRemaining)
    xNextTaskUnblockTime                     0x20002eb4   Data           4  tasks.o(.bss.xNextTaskUnblockTime)
    [Anonymous Symbol]                       0x20002eb4   Section        0  tasks.o(.bss.xNextTaskUnblockTime)
    xNumOfOverflows                          0x20002eb8   Data           4  tasks.o(.bss.xNumOfOverflows)
    [Anonymous Symbol]                       0x20002eb8   Section        0  tasks.o(.bss.xNumOfOverflows)
    xNumberOfSuccessfulAllocations           0x20002ebc   Data           4  heap_4.o(.bss.xNumberOfSuccessfulAllocations)
    [Anonymous Symbol]                       0x20002ebc   Section        0  heap_4.o(.bss.xNumberOfSuccessfulAllocations)
    xNumberOfSuccessfulFrees                 0x20002ec0   Data           4  heap_4.o(.bss.xNumberOfSuccessfulFrees)
    [Anonymous Symbol]                       0x20002ec0   Section        0  heap_4.o(.bss.xNumberOfSuccessfulFrees)
    xPendedTicks                             0x20002ec4   Data           4  tasks.o(.bss.xPendedTicks)
    [Anonymous Symbol]                       0x20002ec4   Section        0  tasks.o(.bss.xPendedTicks)
    xPendingReadyList                        0x20002ec8   Data          20  tasks.o(.bss.xPendingReadyList)
    [Anonymous Symbol]                       0x20002ec8   Section        0  tasks.o(.bss.xPendingReadyList)
    xSchedulerRunning                        0x20002edc   Data           4  tasks.o(.bss.xSchedulerRunning)
    [Anonymous Symbol]                       0x20002edc   Section        0  tasks.o(.bss.xSchedulerRunning)
    xStart                                   0x20002ee0   Data           8  heap_4.o(.bss.xStart)
    [Anonymous Symbol]                       0x20002ee0   Section        0  heap_4.o(.bss.xStart)
    xSuspendedTaskList                       0x20002ee8   Data          20  tasks.o(.bss.xSuspendedTaskList)
    [Anonymous Symbol]                       0x20002ee8   Section        0  tasks.o(.bss.xSuspendedTaskList)
    xTasksWaitingTermination                 0x20002efc   Data          20  tasks.o(.bss.xTasksWaitingTermination)
    [Anonymous Symbol]                       0x20002efc   Section        0  tasks.o(.bss.xTasksWaitingTermination)
    xTickCount                               0x20002f10   Data           4  tasks.o(.bss.xTickCount)
    [Anonymous Symbol]                       0x20002f10   Section        0  tasks.o(.bss.xTickCount)
    xYieldPending                            0x20002f14   Data           4  tasks.o(.bss.xYieldPending)
    [Anonymous Symbol]                       0x20002f14   Section        0  tasks.o(.bss.xYieldPending)
    Heap_Mem                                 0x20002f18   Data         512  startup_stm32f10x_md.o(HEAP)
    HEAP                                     0x20002f18   Section      512  startup_stm32f10x_md.o(HEAP)
    Stack_Mem                                0x20003118   Data        1024  startup_stm32f10x_md.o(STACK)
    STACK                                    0x20003118   Section     1024  startup_stm32f10x_md.o(STACK)
    __initial_sp                             0x20003518   Data           0  startup_stm32f10x_md.o(STACK)

    Global Symbols

    Symbol Name                              Value     Ov Type        Size  Object(Section)

    BuildAttributes$$THM_ISAv4$P$D$K$B$S$PE$A:L22UL41UL21$X:L11$S22US41US21$IEEE1$IW$~IW$USESV6$~STKCKD$USESV7$~SHL$OTIME$ROPI$EBA8$UX$STANDARDLIB$REQ8$PRES8$EABIv2 0x00000000   Number         0  anon$$obj.o ABSOLUTE
    __fp_init_empty                          0x00000000   Number         0  fpinit_empty.o ABSOLUTE
    _printf_flags                            0x00000000   Number         0  printf_stubs.o ABSOLUTE
    _printf_return_value                     0x00000000   Number         0  printf_stubs.o ABSOLUTE
    _printf_sizespec                         0x00000000   Number         0  printf_stubs.o ABSOLUTE
    _printf_widthprec                        0x00000000   Number         0  printf_stubs.o ABSOLUTE
    __ARM_exceptions_init                     - Undefined Weak Reference
    __alloca_initialize                       - Undefined Weak Reference
    __arm_preinit_                            - Undefined Weak Reference
    __arm_relocate_pie_                       - Undefined Weak Reference
    __cpp_initialize__aeabi_                  - Undefined Weak Reference
    __cxa_finalize                            - Undefined Weak Reference
    __rt_locale                               - Undefined Weak Reference
    __sigvec_lookup                           - Undefined Weak Reference
    __user_heap_extent                        - Undefined Weak Reference
    _atexit_init                              - Undefined Weak Reference
    _call_atexit_fns                          - Undefined Weak Reference
    _clock_init                               - Undefined Weak Reference
    _fp_trap_init                             - Undefined Weak Reference
    _fp_trap_shutdown                         - Undefined Weak Reference
    _get_lc_collate                           - Undefined Weak Reference
    _get_lc_ctype                             - Undefined Weak Reference
    _get_lc_monetary                          - Undefined Weak Reference
    _get_lc_numeric                           - Undefined Weak Reference
    _get_lc_time                              - Undefined Weak Reference
    _getenv_init                              - Undefined Weak Reference
    _handle_redirection                       - Undefined Weak Reference
    _mutex_acquire                            - Undefined Weak Reference
    _mutex_free                               - Undefined Weak Reference
    _mutex_release                            - Undefined Weak Reference
    _printf_post_padding                      - Undefined Weak Reference
    _printf_pre_padding                       - Undefined Weak Reference
    _printf_truncate_signed                   - Undefined Weak Reference
    _printf_truncate_unsigned                 - Undefined Weak Reference
    _rand_init                                - Undefined Weak Reference
    _signal_finish                            - Undefined Weak Reference
    _signal_init                              - Undefined Weak Reference
    __Vectors_Size                           0x000000ec   Number         0  startup_stm32f10x_md.o ABSOLUTE
    __Vectors                                0x08000000   Data           4  startup_stm32f10x_md.o(RESET)
    __Vectors_End                            0x080000ec   Data           0  startup_stm32f10x_md.o(RESET)
    __main                                   0x080000ed   Thumb Code     8  __main.o(!!!main)
    __scatterload                            0x080000f5   Thumb Code     0  __scatter.o(!!!scatter)
    __scatterload_rt2                        0x080000f5   Thumb Code    84  __scatter.o(!!!scatter)
    __scatterload_rt2_thumb_only             0x080000f5   Thumb Code     0  __scatter.o(!!!scatter)
    __scatterload_loop                       0x080000ff   Thumb Code     0  __scatter.o(!!!scatter)
    __scatterload_copy                       0x08000151   Thumb Code    26  __scatter_copy.o(!!handler_copy)
    __scatterload_null                       0x0800016d   Thumb Code     2  __scatter.o(!!handler_null)
    __scatterload_zeroinit                   0x08000171   Thumb Code    28  __scatter_zi.o(!!handler_zi)
    _printf_percent                          0x0800018d   Thumb Code     0  _printf_percent.o(.ARM.Collect$$_printf_percent$$00000000)
    _printf_u                                0x0800018d   Thumb Code     0  _printf_u.o(.ARM.Collect$$_printf_percent$$0000000A)
    _printf_percent_end                      0x08000193   Thumb Code     0  _printf_percent_end.o(.ARM.Collect$$_printf_percent$$00000017)
    __rt_lib_init                            0x08000197   Thumb Code     0  libinit.o(.ARM.Collect$$libinit$$00000000)
    __rt_lib_init_fp_1                       0x08000199   Thumb Code     0  libinit2.o(.ARM.Collect$$libinit$$00000002)
    __rt_lib_init_heap_2                     0x08000199   Thumb Code     0  libinit2.o(.ARM.Collect$$libinit$$00000007)
    __rt_lib_init_preinit_1                  0x08000199   Thumb Code     0  libinit2.o(.ARM.Collect$$libinit$$00000006)
    __rt_lib_init_relocate_pie_1             0x08000199   Thumb Code     0  libinit2.o(.ARM.Collect$$libinit$$00000004)
    __rt_lib_init_atexit_1                   0x080001a1   Thumb Code     0  libinit2.o(.ARM.Collect$$libinit$$0000001D)
    __rt_lib_init_clock_1                    0x080001a1   Thumb Code     0  libinit2.o(.ARM.Collect$$libinit$$00000023)
    __rt_lib_init_fp_trap_1                  0x080001a1   Thumb Code     0  libinit2.o(.ARM.Collect$$libinit$$00000021)
    __rt_lib_init_getenv_1                   0x080001a1   Thumb Code     0  libinit2.o(.ARM.Collect$$libinit$$00000025)
    __rt_lib_init_heap_1                     0x080001a1   Thumb Code     0  libinit2.o(.ARM.Collect$$libinit$$0000000C)
    __rt_lib_init_lc_collate_1               0x080001a1   Thumb Code     0  libinit2.o(.ARM.Collect$$libinit$$00000013)
    __rt_lib_init_lc_ctype_1                 0x080001a1   Thumb Code     0  libinit2.o(.ARM.Collect$$libinit$$00000015)
    __rt_lib_init_lc_monetary_1              0x080001a1   Thumb Code     0  libinit2.o(.ARM.Collect$$libinit$$00000017)
    __rt_lib_init_lc_numeric_1               0x080001a1   Thumb Code     0  libinit2.o(.ARM.Collect$$libinit$$00000019)
    __rt_lib_init_lc_time_1                  0x080001a1   Thumb Code     0  libinit2.o(.ARM.Collect$$libinit$$0000001B)
    __rt_lib_init_rand_1                     0x080001a1   Thumb Code     0  libinit2.o(.ARM.Collect$$libinit$$00000010)
    __rt_lib_init_signal_1                   0x080001a1   Thumb Code     0  libinit2.o(.ARM.Collect$$libinit$$0000001F)
    __rt_lib_init_stdio_2                    0x080001a1   Thumb Code     0  libinit2.o(.ARM.Collect$$libinit$$00000026)
    __rt_lib_init_user_alloc_1               0x080001a1   Thumb Code     0  libinit2.o(.ARM.Collect$$libinit$$0000000E)
    __rt_lib_init_alloca_1                   0x080001a5   Thumb Code     0  libinit2.o(.ARM.Collect$$libinit$$00000030)
    __rt_lib_init_argv_1                     0x080001a5   Thumb Code     0  libinit2.o(.ARM.Collect$$libinit$$0000002E)
    __rt_lib_init_cpp_1                      0x080001a5   Thumb Code     0  libinit2.o(.ARM.Collect$$libinit$$00000034)
    __rt_lib_init_exceptions_1               0x080001a5   Thumb Code     0  libinit2.o(.ARM.Collect$$libinit$$00000032)
    __rt_lib_init_return                     0x080001a5   Thumb Code     0  libinit2.o(.ARM.Collect$$libinit$$00000035)
    __rt_lib_init_stdio_1                    0x080001a5   Thumb Code     0  libinit2.o(.ARM.Collect$$libinit$$00000027)
    __rt_lib_shutdown                        0x080001a7   Thumb Code     0  libshutdown.o(.ARM.Collect$$libshutdown$$00000000)
    __rt_lib_shutdown_cpp_1                  0x080001a9   Thumb Code     0  libshutdown2.o(.ARM.Collect$$libshutdown$$00000002)
    __rt_lib_shutdown_stdio_2                0x080001a9   Thumb Code     0  libshutdown2.o(.ARM.Collect$$libshutdown$$00000003)
    __rt_lib_shutdown_fp_trap_1              0x080001ad   Thumb Code     0  libshutdown2.o(.ARM.Collect$$libshutdown$$00000007)
    __rt_lib_shutdown_heap_1                 0x080001ad   Thumb Code     0  libshutdown2.o(.ARM.Collect$$libshutdown$$0000000F)
    __rt_lib_shutdown_return                 0x080001ad   Thumb Code     0  libshutdown2.o(.ARM.Collect$$libshutdown$$00000010)
    __rt_lib_shutdown_signal_1               0x080001ad   Thumb Code     0  libshutdown2.o(.ARM.Collect$$libshutdown$$0000000A)
    __rt_lib_shutdown_stdio_1                0x080001ad   Thumb Code     0  libshutdown2.o(.ARM.Collect$$libshutdown$$00000004)
    __rt_lib_shutdown_user_alloc_1           0x080001ad   Thumb Code     0  libshutdown2.o(.ARM.Collect$$libshutdown$$0000000C)
    __rt_entry                               0x080001af   Thumb Code     0  __rtentry.o(.ARM.Collect$$rtentry$$00000000)
    __rt_entry_presh_1                       0x080001af   Thumb Code     0  __rtentry2.o(.ARM.Collect$$rtentry$$00000002)
    __rt_entry_sh                            0x080001af   Thumb Code     0  __rtentry4.o(.ARM.Collect$$rtentry$$00000004)
    __rt_entry_li                            0x080001b5   Thumb Code     0  __rtentry2.o(.ARM.Collect$$rtentry$$0000000A)
    __rt_entry_postsh_1                      0x080001b5   Thumb Code     0  __rtentry2.o(.ARM.Collect$$rtentry$$00000009)
    __rt_entry_main                          0x080001b9   Thumb Code     0  __rtentry2.o(.ARM.Collect$$rtentry$$0000000D)
    __rt_entry_postli_1                      0x080001b9   Thumb Code     0  __rtentry2.o(.ARM.Collect$$rtentry$$0000000C)
    __rt_exit                                0x080001c1   Thumb Code     0  rtexit.o(.ARM.Collect$$rtexit$$00000000)
    __rt_exit_ls                             0x080001c3   Thumb Code     0  rtexit2.o(.ARM.Collect$$rtexit$$00000003)
    __rt_exit_prels_1                        0x080001c3   Thumb Code     0  rtexit2.o(.ARM.Collect$$rtexit$$00000002)
    __rt_exit_exit                           0x080001c7   Thumb Code     0  rtexit2.o(.ARM.Collect$$rtexit$$00000004)
    Reset_Handler                            0x080001cd   Thumb Code     8  startup_stm32f10x_md.o(.text)
    ADC1_2_IRQHandler                        0x080001e7   Thumb Code     0  startup_stm32f10x_md.o(.text)
    CAN1_RX1_IRQHandler                      0x080001e7   Thumb Code     0  startup_stm32f10x_md.o(.text)
    CAN1_SCE_IRQHandler                      0x080001e7   Thumb Code     0  startup_stm32f10x_md.o(.text)
    DMA1_Channel1_IRQHandler                 0x080001e7   Thumb Code     0  startup_stm32f10x_md.o(.text)
    DMA1_Channel2_IRQHandler                 0x080001e7   Thumb Code     0  startup_stm32f10x_md.o(.text)
    DMA1_Channel3_IRQHandler                 0x080001e7   Thumb Code     0  startup_stm32f10x_md.o(.text)
    DMA1_Channel4_IRQHandler                 0x080001e7   Thumb Code     0  startup_stm32f10x_md.o(.text)
    DMA1_Channel5_IRQHandler                 0x080001e7   Thumb Code     0  startup_stm32f10x_md.o(.text)
    DMA1_Channel6_IRQHandler                 0x080001e7   Thumb Code     0  startup_stm32f10x_md.o(.text)
    DMA1_Channel7_IRQHandler                 0x080001e7   Thumb Code     0  startup_stm32f10x_md.o(.text)
    EXTI0_IRQHandler                         0x080001e7   Thumb Code     0  startup_stm32f10x_md.o(.text)
    EXTI15_10_IRQHandler                     0x080001e7   Thumb Code     0  startup_stm32f10x_md.o(.text)
    EXTI1_IRQHandler                         0x080001e7   Thumb Code     0  startup_stm32f10x_md.o(.text)
    EXTI2_IRQHandler                         0x080001e7   Thumb Code     0  startup_stm32f10x_md.o(.text)
    EXTI3_IRQHandler                         0x080001e7   Thumb Code     0  startup_stm32f10x_md.o(.text)
    EXTI4_IRQHandler                         0x080001e7   Thumb Code     0  startup_stm32f10x_md.o(.text)
    EXTI9_5_IRQHandler                       0x080001e7   Thumb Code     0  startup_stm32f10x_md.o(.text)
    FLASH_IRQHandler                         0x080001e7   Thumb Code     0  startup_stm32f10x_md.o(.text)
    I2C1_ER_IRQHandler                       0x080001e7   Thumb Code     0  startup_stm32f10x_md.o(.text)
    I2C1_EV_IRQHandler                       0x080001e7   Thumb Code     0  startup_stm32f10x_md.o(.text)
    I2C2_ER_IRQHandler                       0x080001e7   Thumb Code     0  startup_stm32f10x_md.o(.text)
    I2C2_EV_IRQHandler                       0x080001e7   Thumb Code     0  startup_stm32f10x_md.o(.text)
    PVD_IRQHandler                           0x080001e7   Thumb Code     0  startup_stm32f10x_md.o(.text)
    RCC_IRQHandler                           0x080001e7   Thumb Code     0  startup_stm32f10x_md.o(.text)
    RTCAlarm_IRQHandler                      0x080001e7   Thumb Code     0  startup_stm32f10x_md.o(.text)
    RTC_IRQHandler                           0x080001e7   Thumb Code     0  startup_stm32f10x_md.o(.text)
    SPI1_IRQHandler                          0x080001e7   Thumb Code     0  startup_stm32f10x_md.o(.text)
    SPI2_IRQHandler                          0x080001e7   Thumb Code     0  startup_stm32f10x_md.o(.text)
    TAMPER_IRQHandler                        0x080001e7   Thumb Code     0  startup_stm32f10x_md.o(.text)
    TIM1_BRK_IRQHandler                      0x080001e7   Thumb Code     0  startup_stm32f10x_md.o(.text)
    TIM1_CC_IRQHandler                       0x080001e7   Thumb Code     0  startup_stm32f10x_md.o(.text)
    TIM1_TRG_COM_IRQHandler                  0x080001e7   Thumb Code     0  startup_stm32f10x_md.o(.text)
    TIM1_UP_IRQHandler                       0x080001e7   Thumb Code     0  startup_stm32f10x_md.o(.text)
    TIM2_IRQHandler                          0x080001e7   Thumb Code     0  startup_stm32f10x_md.o(.text)
    TIM3_IRQHandler                          0x080001e7   Thumb Code     0  startup_stm32f10x_md.o(.text)
    TIM4_IRQHandler                          0x080001e7   Thumb Code     0  startup_stm32f10x_md.o(.text)
    USART1_IRQHandler                        0x080001e7   Thumb Code     0  startup_stm32f10x_md.o(.text)
    USART2_IRQHandler                        0x080001e7   Thumb Code     0  startup_stm32f10x_md.o(.text)
    USART3_IRQHandler                        0x080001e7   Thumb Code     0  startup_stm32f10x_md.o(.text)
    USBWakeUp_IRQHandler                     0x080001e7   Thumb Code     0  startup_stm32f10x_md.o(.text)
    USB_HP_CAN1_TX_IRQHandler                0x080001e7   Thumb Code     0  startup_stm32f10x_md.o(.text)
    USB_LP_CAN1_RX0_IRQHandler               0x080001e7   Thumb Code     0  startup_stm32f10x_md.o(.text)
    WWDG_IRQHandler                          0x080001e7   Thumb Code     0  startup_stm32f10x_md.o(.text)
    __user_initial_stackheap                 0x080001e9   Thumb Code     0  startup_stm32f10x_md.o(.text)
    __2printf                                0x0800020d   Thumb Code    20  noretval__2printf.o(.text)
    _printf_int_dec                          0x08000225   Thumb Code   104  _printf_dec.o(.text)
    __printf                                 0x0800029d   Thumb Code   184  __printf_ss.o(.text)
    puts                                     0x08000355   Thumb Code    40  puts.o(.text)
    __aeabi_memcpy                           0x08000381   Thumb Code     0  rt_memcpy_v6.o(.text)
    __rt_memcpy                              0x08000381   Thumb Code   138  rt_memcpy_v6.o(.text)
    _memcpy_lastbytes                        0x080003e7   Thumb Code     0  rt_memcpy_v6.o(.text)
    __aeabi_memclr                           0x0800040b   Thumb Code     0  rt_memclr.o(.text)
    __rt_memclr                              0x0800040b   Thumb Code     0  rt_memclr.o(.text)
    _memset                                  0x0800040f   Thumb Code    64  rt_memclr.o(.text)
    __aeabi_memclr4                          0x0800044f   Thumb Code     0  rt_memclr_w.o(.text)
    __aeabi_memclr8                          0x0800044f   Thumb Code     0  rt_memclr_w.o(.text)
    __rt_memclr_w                            0x0800044f   Thumb Code     0  rt_memclr_w.o(.text)
    _memset_w                                0x08000453   Thumb Code    74  rt_memclr_w.o(.text)
    __use_two_region_memory                  0x0800049d   Thumb Code     2  heapauxi.o(.text)
    __rt_heap_escrow                         0x0800049f   Thumb Code     2  heapauxi.o(.text)
    __rt_heap_expand                         0x080004a1   Thumb Code     2  heapauxi.o(.text)
    _printf_int_common                       0x080004a3   Thumb Code   178  _printf_intcommon.o(.text)
    _printf_char_file                        0x08000555   Thumb Code    32  _printf_char_file.o(.text)
    __aeabi_memcpy4                          0x08000579   Thumb Code     0  rt_memcpy_w.o(.text)
    __aeabi_memcpy8                          0x08000579   Thumb Code     0  rt_memcpy_w.o(.text)
    __rt_memcpy_w                            0x08000579   Thumb Code   100  rt_memcpy_w.o(.text)
    _memcpy_lastbytes_aligned                0x080005c1   Thumb Code     0  rt_memcpy_w.o(.text)
    _printf_char_common                      0x080005e7   Thumb Code    32  _printf_char_common.o(.text)
    ferror                                   0x0800060d   Thumb Code     8  ferror.o(.text)
    _initio                                  0x08000615   Thumb Code   210  initio.o(.text)
    _terminateio                             0x080006e7   Thumb Code    56  initio.o(.text)
    __user_setup_stackheap                   0x0800074d   Thumb Code    74  sys_stackheap_outer.o(.text)
    free                                     0x08000797   Thumb Code    78  h1_free.o(.text)
    setvbuf                                  0x080007e5   Thumb Code    70  setvbuf.o(.text)
    freopen                                  0x0800082d   Thumb Code   160  fopen.o(.text)
    fopen                                    0x080008cd   Thumb Code    74  fopen.o(.text)
    _fclose_internal                         0x0800091d   Thumb Code    76  fclose.o(.text)
    fclose                                   0x0800091d   Thumb Code     0  fclose.o(.text)
    exit                                     0x08000969   Thumb Code    18  exit.o(.text)
    __rt_SIGRTRED                            0x0800097b   Thumb Code    14  defsig_rtred_outer.o(.text)
    _sys_open                                0x08000989   Thumb Code    20  sys_io.o(.text)
    _sys_close                               0x0800099d   Thumb Code    12  sys_io.o(.text)
    _sys_write                               0x080009a9   Thumb Code    16  sys_io.o(.text)
    _sys_read                                0x080009b9   Thumb Code    14  sys_io.o(.text)
    _sys_istty                               0x080009c7   Thumb Code    12  sys_io.o(.text)
    _sys_seek                                0x080009d3   Thumb Code    14  sys_io.o(.text)
    _sys_ensure                              0x080009e1   Thumb Code     2  sys_io.o(.text)
    _sys_flen                                0x080009e3   Thumb Code    12  sys_io.o(.text)
    __user_libspace                          0x080009f1   Thumb Code     8  libspace.o(.text)
    __user_perproc_libspace                  0x080009f1   Thumb Code     0  libspace.o(.text)
    __user_perthread_libspace                0x080009f1   Thumb Code     0  libspace.o(.text)
    __rt_heap_descriptor                     0x080009f9   Thumb Code     8  rt_heap_descriptor_intlibspace.o(.text)
    __use_no_heap                            0x08000a01   Thumb Code     2  hguard.o(.text)
    __heap$guard                             0x08000a03   Thumb Code     2  hguard.o(.text)
    _terminate_user_alloc                    0x08000a05   Thumb Code     2  init_alloc.o(.text)
    _init_user_alloc                         0x08000a07   Thumb Code     2  init_alloc.o(.text)
    __Heap_Full                              0x08000a09   Thumb Code    34  init_alloc.o(.text)
    __Heap_Broken                            0x08000a2b   Thumb Code     6  init_alloc.o(.text)
    _init_alloc                              0x08000a31   Thumb Code    94  init_alloc.o(.text)
    malloc                                   0x08000a8f   Thumb Code    94  h1_alloc.o(.text)
    _fseek                                   0x08000aed   Thumb Code   242  fseek.o(.text)
    fseek                                    0x08000aed   Thumb Code     0  fseek.o(.text)
    _seterr                                  0x08000be5   Thumb Code    20  stdio.o(.text)
    _writebuf                                0x08000bf9   Thumb Code   108  stdio.o(.text)
    _fflush                                  0x08000c65   Thumb Code    70  stdio.o(.text)
    _deferredlazyseek                        0x08000cab   Thumb Code    60  stdio.o(.text)
    __sig_exit                               0x08000ced   Thumb Code    10  defsig_exit.o(.text)
    __rt_SIGRTRED_inner                      0x08000cf9   Thumb Code    14  defsig_rtred_inner.o(.text)
    _sys_exit                                0x08000d2d   Thumb Code     8  sys_exit.o(.text)
    __I$use$semihosting                      0x08000d39   Thumb Code     0  use_no_semi.o(.text)
    __use_no_semihosting_swi                 0x08000d39   Thumb Code     2  use_no_semi.o(.text)
    __Heap_Initialize                        0x08000d3b   Thumb Code     8  h1_init.o(.text)
    __semihosting_library_function           0x08000d3b   Thumb Code     0  indicate_semi.o(.text)
    _maybe_terminate_alloc                   0x08000d3b   Thumb Code     0  maybetermalloc1.o(.text)
    __Heap_DescSize                          0x08000d43   Thumb Code     4  h1_init.o(.text)
    __Heap_ProvideMemory                     0x08000d47   Thumb Code    52  h1_extend.o(.text)
    _ftell_internal                          0x08000d7b   Thumb Code    66  ftell.o(.text)
    ftell                                    0x08000d7b   Thumb Code     0  ftell.o(.text)
    __default_signal_display                 0x08000dbd   Thumb Code    50  defsig_general.o(.text)
    __rt_SIGRTMEM                            0x08000def   Thumb Code    14  defsig_rtmem_outer.o(.text)
    strlen                                   0x08000dfd   Thumb Code    62  strlen.o(.text)
    _ttywrch                                 0x08000e3b   Thumb Code    14  sys_wrch.o(.text)
    __aeabi_errno_addr                       0x08000e49   Thumb Code     8  rt_errno_addr_intlibspace.o(.text)
    __errno$intlibspace                      0x08000e49   Thumb Code     0  rt_errno_addr_intlibspace.o(.text)
    __rt_errno_addr$intlibspace              0x08000e49   Thumb Code     0  rt_errno_addr_intlibspace.o(.text)
    __rt_SIGRTMEM_inner                      0x08000e51   Thumb Code    22  defsig_rtmem_inner.o(.text)
    BusFault_Handler                         0x08000ea1   Thumb Code     2  stm32f10x_it.o(.text.BusFault_Handler)
    DebugMon_Handler                         0x08000ea5   Thumb Code     2  stm32f10x_it.o(.text.DebugMon_Handler)
    GPIO_Init                                0x08000ea9   Thumb Code   188  stm32f10x_gpio.o(.text.GPIO_Init)
    HardFault_Handler                        0x08000f65   Thumb Code     2  stm32f10x_it.o(.text.HardFault_Handler)
    MemManage_Handler                        0x08000f69   Thumb Code     2  stm32f10x_it.o(.text.MemManage_Handler)
    NMI_Handler                              0x08000f6d   Thumb Code     2  stm32f10x_it.o(.text.NMI_Handler)
    NVIC_Init                                0x08000f71   Thumb Code    94  misc.o(.text.NVIC_Init)
    NVIC_PriorityGroupConfig                 0x08000fd1   Thumb Code    20  misc.o(.text.NVIC_PriorityGroupConfig)
    PendSV_Handler                           0x08000ff1   Thumb Code    68  port.o(.text.PendSV_Handler)
    RCC_APB2PeriphClockCmd                   0x08001035   Thumb Code    24  stm32f10x_rcc.o(.text.RCC_APB2PeriphClockCmd)
    RCC_GetClocksFreq                        0x0800104d   Thumb Code   140  stm32f10x_rcc.o(.text.RCC_GetClocksFreq)
    SVC_Handler                              0x080010e1   Thumb Code    36  port.o(.text.SVC_Handler)
    SysTick_Handler                          0x08001105   Thumb Code    20  stm32f10x_it.o(.text.SysTick_Handler)
    SystemInit                               0x08001119   Thumb Code   268  system_stm32f10x.o(.text.SystemInit)
    USART_Cmd                                0x08001225   Thumb Code    20  stm32f10x_usart.o(.text.USART_Cmd)
    USART_Config                             0x08001239   Thumb Code   152  usart.o(.text.USART_Config)
    USART_GetFlagStatus                      0x080012d1   Thumb Code    10  stm32f10x_usart.o(.text.USART_GetFlagStatus)
    USART_ITConfig                           0x080012dd   Thumb Code    46  stm32f10x_usart.o(.text.USART_ITConfig)
    USART_Init                               0x0800130d   Thumb Code   182  stm32f10x_usart.o(.text.USART_Init)
    USART_SendData                           0x080013c5   Thumb Code     8  stm32f10x_usart.o(.text.USART_SendData)
    UsageFault_Handler                       0x080013cd   Thumb Code     2  stm32f10x_it.o(.text.UsageFault_Handler)
    eTaskConfirmSleepModeStatus              0x080013d1   Thumb Code    72  tasks.o(.text.eTaskConfirmSleepModeStatus)
    fputc                                    0x08001419   Thumb Code    36  usart.o(.text.fputc)
    main                                     0x0800143d   Thumb Code    96  main.o(.text.main)
    myTask1                                  0x080014c5   Thumb Code    64  main.o(.text.myTask1)
    myTask2                                  0x08001549   Thumb Code    64  main.o(.text.myTask2)
    pvPortMalloc                             0x080019ad   Thumb Code   340  heap_4.o(.text.pvPortMalloc)
    pxPortInitialiseStack                    0x08001b01   Thumb Code    32  port.o(.text.pxPortInitialiseStack)
    startTask                                0x08001b21   Thumb Code    92  main.o(.text.startTask)
    uxListRemove                             0x08001ba1   Thumb Code    36  list.o(.text.uxListRemove)
    uxQueueMessagesWaiting                   0x08001bc5   Thumb Code    18  queue.o(.text.uxQueueMessagesWaiting)
    vApplicationGetIdleTaskMemory            0x08001bd9   Thumb Code    26  main.o(.text.vApplicationGetIdleTaskMemory)
    vListInitialise                          0x08001bf5   Thumb Code    22  list.o(.text.vListInitialise)
    vListInitialiseItem                      0x08001c0d   Thumb Code     6  list.o(.text.vListInitialiseItem)
    vListInsert                              0x08001c15   Thumb Code    58  list.o(.text.vListInsert)
    vListInsertEnd                           0x08001c51   Thumb Code    28  list.o(.text.vListInsertEnd)
    vPortEnterCritical                       0x08001c6d   Thumb Code    32  port.o(.text.vPortEnterCritical)
    vPortExitCritical                        0x08001c8d   Thumb Code    26  port.o(.text.vPortExitCritical)
    vPortFree                                0x08001ca9   Thumb Code   162  heap_4.o(.text.vPortFree)
    vPortSetupTimerInterrupt                 0x08001d4d   Thumb Code   100  port.o(.text.vPortSetupTimerInterrupt)
    vPortSuppressTicksAndSleep               0x08001db1   Thumb Code   274  port.o(.text.vPortSuppressTicksAndSleep)
    vTaskDelay                               0x08001ec5   Thumb Code   172  tasks.o(.text.vTaskDelay)
    vTaskDelete                              0x08001f71   Thumb Code   270  tasks.o(.text.vTaskDelete)
    vTaskInternalSetTimeOutState             0x08002081   Thumb Code    26  tasks.o(.text.vTaskInternalSetTimeOutState)
    vTaskMissedYield                         0x0800209d   Thumb Code    14  tasks.o(.text.vTaskMissedYield)
    vTaskPlaceOnEventList                    0x080020ad   Thumb Code    32  tasks.o(.text.vTaskPlaceOnEventList)
    vTaskStartScheduler                      0x080020cd   Thumb Code   216  tasks.o(.text.vTaskStartScheduler)
    vTaskStepTick                            0x080021ad   Thumb Code    62  tasks.o(.text.vTaskStepTick)
    vTaskSuspendAll                          0x080021ed   Thumb Code    16  tasks.o(.text.vTaskSuspendAll)
    vTaskSwitchContext                       0x080021fd   Thumb Code   108  tasks.o(.text.vTaskSwitchContext)
    xPortStartScheduler                      0x08002269   Thumb Code    84  port.o(.text.xPortStartScheduler)
    xPortSysTickHandler                      0x080022bd   Thumb Code    46  port.o(.text.xPortSysTickHandler)
    xQueueCreateCountingSemaphore            0x080022ed   Thumb Code    40  queue.o(.text.xQueueCreateCountingSemaphore)
    xQueueGenericCreate                      0x08002315   Thumb Code   134  queue.o(.text.xQueueGenericCreate)
    xQueueGenericSend                        0x0800239d   Thumb Code   372  queue.o(.text.xQueueGenericSend)
    xQueueSemaphoreTake                      0x08002511   Thumb Code   304  queue.o(.text.xQueueSemaphoreTake)
    xTaskCheckForTimeOut                     0x08002641   Thumb Code    96  tasks.o(.text.xTaskCheckForTimeOut)
    xTaskCreate                              0x080026a1   Thumb Code   184  tasks.o(.text.xTaskCreate)
    xTaskGetSchedulerState                   0x08002759   Thumb Code    38  tasks.o(.text.xTaskGetSchedulerState)
    xTaskIncrementTick                       0x08002781   Thumb Code   406  tasks.o(.text.xTaskIncrementTick)
    xTaskRemoveFromEventList                 0x08002919   Thumb Code   272  tasks.o(.text.xTaskRemoveFromEventList)
    xTaskResumeAll                           0x08002a29   Thumb Code   360  tasks.o(.text.xTaskResumeAll)
    __stdin_name                             0x08002b90   Data           4  sys_io_names.o(.constdata)
    __stdout_name                            0x08002b94   Data           4  sys_io_names.o(.constdata)
    __stderr_name                            0x08002b98   Data           4  sys_io_names.o(.constdata)
    uxTopUsedPriority                        0x08002c0c   Data           4  tasks.o(.rodata.uxTopUsedPriority)
    Region$$Table$$Base                      0x08002c10   Number         0  anon$$obj.o(Region$$Table)
    Region$$Table$$Limit                     0x08002c30   Number         0  anon$$obj.o(Region$$Table)
    __aeabi_stdin                            0x20000000   Data           4  stdio_streams.o(.data)
    __aeabi_stdout                           0x20000004   Data           4  stdio_streams.o(.data)
    __aeabi_stderr                           0x20000008   Data           4  stdio_streams.o(.data)
    SystemCoreClock                          0x2000000c   Data           4  system_stm32f10x.o(.data.SystemCoreClock)
    __stdin                                  0x20000018   Data          84  stdio_streams.o(.bss)
    __stdout                                 0x2000006c   Data          84  stdio_streams.o(.bss)
    __stderr                                 0x200000c0   Data          84  stdio_streams.o(.bss)
    __libspace_start                         0x20000114   Data          96  libspace.o(.bss)
    IdleTaskStack                            0x20000174   Data         512  main.o(.bss.IdleTaskStack)
    __temporary_stack_top$libspace           0x20000174   Data           0  libspace.o(.bss)
    IdleTaskTCB                              0x20000374   Data          76  main.o(.bss.IdleTaskTCB)
    myTaskHandler1                           0x200003c0   Data           4  main.o(.bss.myTaskHandler1)
    myTaskHandler2                           0x200003c4   Data           4  main.o(.bss.myTaskHandler2)
    pxCurrentTCB                             0x200003c8   Data           4  tasks.o(.bss.pxCurrentTCB)
    sem_count_Handler                        0x20000658   Data           4  main.o(.bss.sem_count_Handler)
    startTaskHandler                         0x2000065c   Data           4  main.o(.bss.startTaskHandler)



==============================================================================

Memory Map of the image

  Image Entry point : 0x080000ed

  Load Region LR_IROM1 (Base: 0x08000000, Size: 0x00002c48, Max: 0x00010000, ABSOLUTE)

    Execution Region ER_IROM1 (Exec base: 0x08000000, Load base: 0x08000000, Size: 0x00002c30, Max: 0x00010000, ABSOLUTE)

    Exec Addr    Load Addr    Size         Type   Attr      Idx    E Section Name        Object

    0x08000000   0x08000000   0x000000ec   Data   RO          284    RESET               startup_stm32f10x_md.o
    0x080000ec   0x080000ec   0x00000008   Code   RO         1529  * !!!main             c_w.l(__main.o)
    0x080000f4   0x080000f4   0x0000005c   Code   RO         1858    !!!scatter          c_w.l(__scatter.o)
    0x08000150   0x08000150   0x0000001a   Code   RO         1862    !!handler_copy      c_w.l(__scatter_copy.o)
    0x0800016a   0x0800016a   0x00000002   PAD
    0x0800016c   0x0800016c   0x00000002   Code   RO         1859    !!handler_null      c_w.l(__scatter.o)
    0x0800016e   0x0800016e   0x00000002   PAD
    0x08000170   0x08000170   0x0000001c   Code   RO         1864    !!handler_zi        c_w.l(__scatter_zi.o)
    0x0800018c   0x0800018c   0x00000000   Code   RO         1518    .ARM.Collect$$_printf_percent$$00000000  c_w.l(_printf_percent.o)
    0x0800018c   0x0800018c   0x00000006   Code   RO         1517    .ARM.Collect$$_printf_percent$$0000000A  c_w.l(_printf_u.o)
    0x08000192   0x08000192   0x00000004   Code   RO         1536    .ARM.Collect$$_printf_percent$$00000017  c_w.l(_printf_percent_end.o)
    0x08000196   0x08000196   0x00000002   Code   RO         1657    .ARM.Collect$$libinit$$00000000  c_w.l(libinit.o)
    0x08000198   0x08000198   0x00000000   Code   RO         1659    .ARM.Collect$$libinit$$00000002  c_w.l(libinit2.o)
    0x08000198   0x08000198   0x00000000   Code   RO         1661    .ARM.Collect$$libinit$$00000004  c_w.l(libinit2.o)
    0x08000198   0x08000198   0x00000000   Code   RO         1663    .ARM.Collect$$libinit$$00000006  c_w.l(libinit2.o)
    0x08000198   0x08000198   0x00000008   Code   RO         1664    .ARM.Collect$$libinit$$00000007  c_w.l(libinit2.o)
    0x080001a0   0x080001a0   0x00000000   Code   RO         1666    .ARM.Collect$$libinit$$0000000C  c_w.l(libinit2.o)
    0x080001a0   0x080001a0   0x00000000   Code   RO         1668    .ARM.Collect$$libinit$$0000000E  c_w.l(libinit2.o)
    0x080001a0   0x080001a0   0x00000000   Code   RO         1670    .ARM.Collect$$libinit$$00000010  c_w.l(libinit2.o)
    0x080001a0   0x080001a0   0x00000000   Code   RO         1673    .ARM.Collect$$libinit$$00000013  c_w.l(libinit2.o)
    0x080001a0   0x080001a0   0x00000000   Code   RO         1675    .ARM.Collect$$libinit$$00000015  c_w.l(libinit2.o)
    0x080001a0   0x080001a0   0x00000000   Code   RO         1677    .ARM.Collect$$libinit$$00000017  c_w.l(libinit2.o)
    0x080001a0   0x080001a0   0x00000000   Code   RO         1679    .ARM.Collect$$libinit$$00000019  c_w.l(libinit2.o)
    0x080001a0   0x080001a0   0x00000000   Code   RO         1681    .ARM.Collect$$libinit$$0000001B  c_w.l(libinit2.o)
    0x080001a0   0x080001a0   0x00000000   Code   RO         1683    .ARM.Collect$$libinit$$0000001D  c_w.l(libinit2.o)
    0x080001a0   0x080001a0   0x00000000   Code   RO         1685    .ARM.Collect$$libinit$$0000001F  c_w.l(libinit2.o)
    0x080001a0   0x080001a0   0x00000000   Code   RO         1687    .ARM.Collect$$libinit$$00000021  c_w.l(libinit2.o)
    0x080001a0   0x080001a0   0x00000000   Code   RO         1689    .ARM.Collect$$libinit$$00000023  c_w.l(libinit2.o)
    0x080001a0   0x080001a0   0x00000000   Code   RO         1691    .ARM.Collect$$libinit$$00000025  c_w.l(libinit2.o)
    0x080001a0   0x080001a0   0x00000004   Code   RO         1692    .ARM.Collect$$libinit$$00000026  c_w.l(libinit2.o)
    0x080001a4   0x080001a4   0x00000000   Code   RO         1693    .ARM.Collect$$libinit$$00000027  c_w.l(libinit2.o)
    0x080001a4   0x080001a4   0x00000000   Code   RO         1697    .ARM.Collect$$libinit$$0000002E  c_w.l(libinit2.o)
    0x080001a4   0x080001a4   0x00000000   Code   RO         1699    .ARM.Collect$$libinit$$00000030  c_w.l(libinit2.o)
    0x080001a4   0x080001a4   0x00000000   Code   RO         1701    .ARM.Collect$$libinit$$00000032  c_w.l(libinit2.o)
    0x080001a4   0x080001a4   0x00000000   Code   RO         1703    .ARM.Collect$$libinit$$00000034  c_w.l(libinit2.o)
    0x080001a4   0x080001a4   0x00000002   Code   RO         1704    .ARM.Collect$$libinit$$00000035  c_w.l(libinit2.o)
    0x080001a6   0x080001a6   0x00000002   Code   RO         1837    .ARM.Collect$$libshutdown$$00000000  c_w.l(libshutdown.o)
    0x080001a8   0x080001a8   0x00000000   Code   RO         1706    .ARM.Collect$$libshutdown$$00000002  c_w.l(libshutdown2.o)
    0x080001a8   0x080001a8   0x00000004   Code   RO         1707    .ARM.Collect$$libshutdown$$00000003  c_w.l(libshutdown2.o)
    0x080001ac   0x080001ac   0x00000000   Code   RO         1708    .ARM.Collect$$libshutdown$$00000004  c_w.l(libshutdown2.o)
    0x080001ac   0x080001ac   0x00000000   Code   RO         1711    .ARM.Collect$$libshutdown$$00000007  c_w.l(libshutdown2.o)
    0x080001ac   0x080001ac   0x00000000   Code   RO         1714    .ARM.Collect$$libshutdown$$0000000A  c_w.l(libshutdown2.o)
    0x080001ac   0x080001ac   0x00000000   Code   RO         1716    .ARM.Collect$$libshutdown$$0000000C  c_w.l(libshutdown2.o)
    0x080001ac   0x080001ac   0x00000000   Code   RO         1719    .ARM.Collect$$libshutdown$$0000000F  c_w.l(libshutdown2.o)
    0x080001ac   0x080001ac   0x00000002   Code   RO         1720    .ARM.Collect$$libshutdown$$00000010  c_w.l(libshutdown2.o)
    0x080001ae   0x080001ae   0x00000000   Code   RO         1531    .ARM.Collect$$rtentry$$00000000  c_w.l(__rtentry.o)
    0x080001ae   0x080001ae   0x00000000   Code   RO         1546    .ARM.Collect$$rtentry$$00000002  c_w.l(__rtentry2.o)
    0x080001ae   0x080001ae   0x00000006   Code   RO         1558    .ARM.Collect$$rtentry$$00000004  c_w.l(__rtentry4.o)
    0x080001b4   0x080001b4   0x00000000   Code   RO         1548    .ARM.Collect$$rtentry$$00000009  c_w.l(__rtentry2.o)
    0x080001b4   0x080001b4   0x00000004   Code   RO         1549    .ARM.Collect$$rtentry$$0000000A  c_w.l(__rtentry2.o)
    0x080001b8   0x080001b8   0x00000000   Code   RO         1551    .ARM.Collect$$rtentry$$0000000C  c_w.l(__rtentry2.o)
    0x080001b8   0x080001b8   0x00000008   Code   RO         1552    .ARM.Collect$$rtentry$$0000000D  c_w.l(__rtentry2.o)
    0x080001c0   0x080001c0   0x00000002   Code   RO         1728    .ARM.Collect$$rtexit$$00000000  c_w.l(rtexit.o)
    0x080001c2   0x080001c2   0x00000000   Code   RO         1777    .ARM.Collect$$rtexit$$00000002  c_w.l(rtexit2.o)
    0x080001c2   0x080001c2   0x00000004   Code   RO         1778    .ARM.Collect$$rtexit$$00000003  c_w.l(rtexit2.o)
    0x080001c6   0x080001c6   0x00000006   Code   RO         1779    .ARM.Collect$$rtexit$$00000004  c_w.l(rtexit2.o)
    0x080001cc   0x080001cc   0x00000040   Code   RO          285    .text               startup_stm32f10x_md.o
    0x0800020c   0x0800020c   0x00000018   Code   RO         1491    .text               c_w.l(noretval__2printf.o)
    0x08000224   0x08000224   0x00000078   Code   RO         1495    .text               c_w.l(_printf_dec.o)
    0x0800029c   0x0800029c   0x000000b8   Code   RO         1500    .text               c_w.l(__printf_ss.o)
    0x08000354   0x08000354   0x0000002c   Code   RO         1519    .text               c_w.l(puts.o)
    0x08000380   0x08000380   0x0000008a   Code   RO         1521    .text               c_w.l(rt_memcpy_v6.o)
    0x0800040a   0x0800040a   0x00000044   Code   RO         1523    .text               c_w.l(rt_memclr.o)
    0x0800044e   0x0800044e   0x0000004e   Code   RO         1525    .text               c_w.l(rt_memclr_w.o)
    0x0800049c   0x0800049c   0x00000006   Code   RO         1527    .text               c_w.l(heapauxi.o)
    0x080004a2   0x080004a2   0x000000b2   Code   RO         1532    .text               c_w.l(_printf_intcommon.o)
    0x08000554   0x08000554   0x00000024   Code   RO         1534    .text               c_w.l(_printf_char_file.o)
    0x08000578   0x08000578   0x00000064   Code   RO         1543    .text               c_w.l(rt_memcpy_w.o)
    0x080005dc   0x080005dc   0x00000030   Code   RO         1560    .text               c_w.l(_printf_char_common.o)
    0x0800060c   0x0800060c   0x00000008   Code   RO         1562    .text               c_w.l(ferror.o)
    0x08000614   0x08000614   0x00000138   Code   RO         1564    .text               c_w.l(initio.o)
    0x0800074c   0x0800074c   0x0000004a   Code   RO         1575    .text               c_w.l(sys_stackheap_outer.o)
    0x08000796   0x08000796   0x0000004e   Code   RO         1579    .text               c_w.l(h1_free.o)
    0x080007e4   0x080007e4   0x00000046   Code   RO         1635    .text               c_w.l(setvbuf.o)
    0x0800082a   0x0800082a   0x00000002   PAD
    0x0800082c   0x0800082c   0x000000f0   Code   RO         1638    .text               c_w.l(fopen.o)
    0x0800091c   0x0800091c   0x0000004c   Code   RO         1640    .text               c_w.l(fclose.o)
    0x08000968   0x08000968   0x00000012   Code   RO         1646    .text               c_w.l(exit.o)
    0x0800097a   0x0800097a   0x0000000e   Code   RO         1648    .text               c_w.l(defsig_rtred_outer.o)
    0x08000988   0x08000988   0x00000066   Code   RO         1721    .text               c_w.l(sys_io.o)
    0x080009ee   0x080009ee   0x00000002   PAD
    0x080009f0   0x080009f0   0x00000008   Code   RO         1725    .text               c_w.l(libspace.o)
    0x080009f8   0x080009f8   0x00000008   Code   RO         1735    .text               c_w.l(rt_heap_descriptor_intlibspace.o)
    0x08000a00   0x08000a00   0x00000004   Code   RO         1737    .text               c_w.l(hguard.o)
    0x08000a04   0x08000a04   0x0000008a   Code   RO         1739    .text               c_w.l(init_alloc.o)
    0x08000a8e   0x08000a8e   0x0000005e   Code   RO         1745    .text               c_w.l(h1_alloc.o)
    0x08000aec   0x08000aec   0x000000f8   Code   RO         1757    .text               c_w.l(fseek.o)
    0x08000be4   0x08000be4   0x00000108   Code   RO         1759    .text               c_w.l(stdio.o)
    0x08000cec   0x08000cec   0x0000000a   Code   RO         1761    .text               c_w.l(defsig_exit.o)
    0x08000cf6   0x08000cf6   0x00000002   PAD
    0x08000cf8   0x08000cf8   0x00000034   Code   RO         1763    .text               c_w.l(defsig_rtred_inner.o)
    0x08000d2c   0x08000d2c   0x0000000c   Code   RO         1769    .text               c_w.l(sys_exit.o)
    0x08000d38   0x08000d38   0x00000002   Code   RO         1773    .text               c_w.l(use_no_semi.o)
    0x08000d3a   0x08000d3a   0x00000000   Code   RO         1775    .text               c_w.l(indicate_semi.o)
    0x08000d3a   0x08000d3a   0x00000000   Code   RO         1783    .text               c_w.l(maybetermalloc1.o)
    0x08000d3a   0x08000d3a   0x0000000c   Code   RO         1785    .text               c_w.l(h1_init.o)
    0x08000d46   0x08000d46   0x00000034   Code   RO         1787    .text               c_w.l(h1_extend.o)
    0x08000d7a   0x08000d7a   0x00000042   Code   RO         1793    .text               c_w.l(ftell.o)
    0x08000dbc   0x08000dbc   0x00000032   Code   RO         1797    .text               c_w.l(defsig_general.o)
    0x08000dee   0x08000dee   0x0000000e   Code   RO         1799    .text               c_w.l(defsig_rtmem_outer.o)
    0x08000dfc   0x08000dfc   0x0000003e   Code   RO         1803    .text               c_w.l(strlen.o)
    0x08000e3a   0x08000e3a   0x0000000e   Code   RO         1814    .text               c_w.l(sys_wrch.o)
    0x08000e48   0x08000e48   0x00000008   Code   RO         1825    .text               c_w.l(rt_errno_addr_intlibspace.o)
    0x08000e50   0x08000e50   0x00000050   Code   RO         1831    .text               c_w.l(defsig_rtmem_inner.o)
    0x08000ea0   0x08000ea0   0x00000002   Code   RO         1473    .text.BusFault_Handler  stm32f10x_it.o
    0x08000ea2   0x08000ea2   0x00000002   PAD
    0x08000ea4   0x08000ea4   0x00000002   Code   RO         1477    .text.DebugMon_Handler  stm32f10x_it.o
    0x08000ea6   0x08000ea6   0x00000002   PAD
    0x08000ea8   0x08000ea8   0x000000bc   Code   RO          762    .text.GPIO_Init     stm32f10x_gpio.o
    0x08000f64   0x08000f64   0x00000002   Code   RO         1469    .text.HardFault_Handler  stm32f10x_it.o
    0x08000f66   0x08000f66   0x00000002   PAD
    0x08000f68   0x08000f68   0x00000002   Code   RO         1471    .text.MemManage_Handler  stm32f10x_it.o
    0x08000f6a   0x08000f6a   0x00000002   PAD
    0x08000f6c   0x08000f6c   0x00000002   Code   RO         1467    .text.NMI_Handler   stm32f10x_it.o
    0x08000f6e   0x08000f6e   0x00000002   PAD
    0x08000f70   0x08000f70   0x0000005e   Code   RO          308    .text.NVIC_Init     misc.o
    0x08000fce   0x08000fce   0x00000002   PAD
    0x08000fd0   0x08000fd0   0x00000014   Code   RO          306    .text.NVIC_PriorityGroupConfig  misc.o
    0x08000fe4   0x08000fe4   0x0000000c   PAD
    0x08000ff0   0x08000ff0   0x00000044   Code   RO           49    .text.PendSV_Handler  port.o
    0x08001034   0x08001034   0x00000018   Code   RO          967    .text.RCC_APB2PeriphClockCmd  stm32f10x_rcc.o
    0x0800104c   0x0800104c   0x0000008c   Code   RO          963    .text.RCC_GetClocksFreq  stm32f10x_rcc.o
    0x080010d8   0x080010d8   0x00000008   PAD
    0x080010e0   0x080010e0   0x00000024   Code   RO           35    .text.SVC_Handler   port.o
    0x08001104   0x08001104   0x00000014   Code   RO         1479    .text.SysTick_Handler  stm32f10x_it.o
    0x08001118   0x08001118   0x0000010c   Code   RO          292    .text.SystemInit    system_stm32f10x.o
    0x08001224   0x08001224   0x00000014   Code   RO         1347    .text.USART_Cmd     stm32f10x_usart.o
    0x08001238   0x08001238   0x00000098   Code   RO         1427    .text.USART_Config  usart.o
    0x080012d0   0x080012d0   0x0000000a   Code   RO         1387    .text.USART_GetFlagStatus  stm32f10x_usart.o
    0x080012da   0x080012da   0x00000002   PAD
    0x080012dc   0x080012dc   0x0000002e   Code   RO         1349    .text.USART_ITConfig  stm32f10x_usart.o
    0x0800130a   0x0800130a   0x00000002   PAD
    0x0800130c   0x0800130c   0x000000b6   Code   RO         1339    .text.USART_Init    stm32f10x_usart.o
    0x080013c2   0x080013c2   0x00000002   PAD
    0x080013c4   0x080013c4   0x00000008   Code   RO         1363    .text.USART_SendData  stm32f10x_usart.o
    0x080013cc   0x080013cc   0x00000002   Code   RO         1475    .text.UsageFault_Handler  stm32f10x_it.o
    0x080013ce   0x080013ce   0x00000002   PAD
    0x080013d0   0x080013d0   0x00000048   Code   RO          230    .text.eTaskConfirmSleepModeStatus  tasks.o
    0x08001418   0x08001418   0x00000024   Code   RO         1429    .text.fputc         usart.o
    0x0800143c   0x0800143c   0x00000088   Code   RO         1447    .text.main          main.o
    0x080014c4   0x080014c4   0x00000084   Code   RO         1441    .text.myTask1       main.o
    0x08001548   0x08001548   0x00000090   Code   RO         1443    .text.myTask2       main.o
    0x080015d8   0x080015d8   0x000000c0   Code   RO          174    .text.prvAddCurrentTaskToDelayedList  tasks.o
    0x08001698   0x08001698   0x00000132   Code   RO          164    .text.prvAddNewTaskToReadyList  tasks.o
    0x080017ca   0x080017ca   0x00000002   PAD
    0x080017cc   0x080017cc   0x00000126   Code   RO          196    .text.prvIdleTask   tasks.o
    0x080018f2   0x080018f2   0x00000002   PAD
    0x080018f4   0x080018f4   0x00000020   Code   RO           41    .text.prvPortStartFirstTask  port.o
    0x08001914   0x08001914   0x00000022   Code   RO           33    .text.prvTaskExitError  port.o
    0x08001936   0x08001936   0x00000002   PAD
    0x08001938   0x08001938   0x00000074   Code   RO          126    .text.prvUnlockQueue  queue.o
    0x080019ac   0x080019ac   0x00000154   Code   RO            2    .text.pvPortMalloc  heap_4.o
    0x08001b00   0x08001b00   0x00000020   Code   RO           31    .text.pxPortInitialiseStack  port.o
    0x08001b20   0x08001b20   0x00000080   Code   RO         1445    .text.startTask     main.o
    0x08001ba0   0x08001ba0   0x00000024   Code   RO          104    .text.uxListRemove  list.o
    0x08001bc4   0x08001bc4   0x00000012   Code   RO          142    .text.uxQueueMessagesWaiting  queue.o
    0x08001bd6   0x08001bd6   0x00000002   PAD
    0x08001bd8   0x08001bd8   0x0000001a   Code   RO         1449    .text.vApplicationGetIdleTaskMemory  main.o
    0x08001bf2   0x08001bf2   0x00000002   PAD
    0x08001bf4   0x08001bf4   0x00000016   Code   RO           96    .text.vListInitialise  list.o
    0x08001c0a   0x08001c0a   0x00000002   PAD
    0x08001c0c   0x08001c0c   0x00000006   Code   RO           98    .text.vListInitialiseItem  list.o
    0x08001c12   0x08001c12   0x00000002   PAD
    0x08001c14   0x08001c14   0x0000003a   Code   RO          102    .text.vListInsert   list.o
    0x08001c4e   0x08001c4e   0x00000002   PAD
    0x08001c50   0x08001c50   0x0000001c   Code   RO          100    .text.vListInsertEnd  list.o
    0x08001c6c   0x08001c6c   0x00000020   Code   RO           45    .text.vPortEnterCritical  port.o
    0x08001c8c   0x08001c8c   0x0000001a   Code   RO           47    .text.vPortExitCritical  port.o
    0x08001ca6   0x08001ca6   0x00000002   PAD
    0x08001ca8   0x08001ca8   0x000000a2   Code   RO            4    .text.vPortFree     heap_4.o
    0x08001d4a   0x08001d4a   0x00000002   PAD
    0x08001d4c   0x08001d4c   0x00000064   Code   RO           39    .text.vPortSetupTimerInterrupt  port.o
    0x08001db0   0x08001db0   0x00000112   Code   RO           53    .text.vPortSuppressTicksAndSleep  port.o
    0x08001ec2   0x08001ec2   0x00000002   PAD
    0x08001ec4   0x08001ec4   0x000000ac   Code   RO          178    .text.vTaskDelay    tasks.o
    0x08001f70   0x08001f70   0x0000010e   Code   RO          168    .text.vTaskDelete   tasks.o
    0x0800207e   0x0800207e   0x00000002   PAD
    0x08002080   0x08002080   0x0000001a   Code   RO          224    .text.vTaskInternalSetTimeOutState  tasks.o
    0x0800209a   0x0800209a   0x00000002   PAD
    0x0800209c   0x0800209c   0x0000000e   Code   RO          228    .text.vTaskMissedYield  tasks.o
    0x080020aa   0x080020aa   0x00000002   PAD
    0x080020ac   0x080020ac   0x00000020   Code   RO          214    .text.vTaskPlaceOnEventList  tasks.o
    0x080020cc   0x080020cc   0x000000e0   Code   RO          194    .text.vTaskStartScheduler  tasks.o
    0x080021ac   0x080021ac   0x0000003e   Code   RO          210    .text.vTaskStepTick  tasks.o
    0x080021ea   0x080021ea   0x00000002   PAD
    0x080021ec   0x080021ec   0x00000010   Code   RO          172    .text.vTaskSuspendAll  tasks.o
    0x080021fc   0x080021fc   0x0000006c   Code   RO          188    .text.vTaskSwitchContext  tasks.o
    0x08002268   0x08002268   0x00000054   Code   RO           37    .text.xPortStartScheduler  port.o
    0x080022bc   0x080022bc   0x0000002e   Code   RO           51    .text.xPortSysTickHandler  port.o
    0x080022ea   0x080022ea   0x00000002   PAD
    0x080022ec   0x080022ec   0x00000028   Code   RO          122    .text.xQueueCreateCountingSemaphore  queue.o
    0x08002314   0x08002314   0x00000086   Code   RO          118    .text.xQueueGenericCreate  queue.o
    0x0800239a   0x0800239a   0x00000002   PAD
    0x0800239c   0x0800239c   0x00000174   Code   RO          124    .text.xQueueGenericSend  queue.o
    0x08002510   0x08002510   0x00000130   Code   RO          134    .text.xQueueSemaphoreTake  queue.o
    0x08002640   0x08002640   0x00000060   Code   RO          226    .text.xTaskCheckForTimeOut  tasks.o
    0x080026a0   0x080026a0   0x000000b8   Code   RO          166    .text.xTaskCreate   tasks.o
    0x08002758   0x08002758   0x00000026   Code   RO          234    .text.xTaskGetSchedulerState  tasks.o
    0x0800277e   0x0800277e   0x00000002   PAD
    0x08002780   0x08002780   0x00000196   Code   RO          200    .text.xTaskIncrementTick  tasks.o
    0x08002916   0x08002916   0x00000002   PAD
    0x08002918   0x08002918   0x00000110   Code   RO          218    .text.xTaskRemoveFromEventList  tasks.o
    0x08002a28   0x08002a28   0x00000168   Code   RO          176    .text.xTaskResumeAll  tasks.o
    0x08002b90   0x08002b90   0x00000004   Data   RO         1570    .constdata          c_w.l(sys_io_names.o)
    0x08002b94   0x08002b94   0x00000004   Data   RO         1571    .constdata          c_w.l(sys_io_names.o)
    0x08002b98   0x08002b98   0x00000004   Data   RO         1572    .constdata          c_w.l(sys_io_names.o)
    0x08002b9c   0x08002b9c   0x00000004   Data   RO          988    .rodata.ADCPrescTable  stm32f10x_rcc.o
    0x08002ba0   0x08002ba0   0x00000010   Data   RO          987    .rodata.APBAHBPrescTable  stm32f10x_rcc.o
    0x08002bb0   0x08002bb0   0x0000005a   Data   RO         1454    .rodata.str1.1      main.o
    0x08002c0a   0x08002c0a   0x00000002   PAD
    0x08002c0c   0x08002c0c   0x00000004   Data   RO          253    .rodata.uxTopUsedPriority  tasks.o
    0x08002c10   0x08002c10   0x00000020   Data   RO         1857    Region$$Table       anon$$obj.o


    Execution Region RW_IRAM1 (Exec base: 0x20000000, Load base: 0x08002c30, Size: 0x00003518, Max: 0x00005000, ABSOLUTE)

    Exec Addr    Load Addr    Size         Type   Attr      Idx    E Section Name        Object

    0x20000000   0x08002c30   0x00000004   Data   RW         1540    .data               c_w.l(stdio_streams.o)
    0x20000004   0x08002c34   0x00000004   Data   RW         1541    .data               c_w.l(stdio_streams.o)
    0x20000008   0x08002c38   0x00000004   Data   RW         1542    .data               c_w.l(stdio_streams.o)
    0x2000000c   0x08002c3c   0x00000004   Data   RW          296    .data.SystemCoreClock  system_stm32f10x.o
    0x20000010   0x08002c40   0x00000004   Data   RW           55    .data.uxCriticalNesting  port.o
    0x20000014   0x08002c44   0x00000004   PAD
    0x20000018        -       0x00000054   Zero   RW         1537    .bss                c_w.l(stdio_streams.o)
    0x2000006c        -       0x00000054   Zero   RW         1538    .bss                c_w.l(stdio_streams.o)
    0x200000c0        -       0x00000054   Zero   RW         1539    .bss                c_w.l(stdio_streams.o)
    0x20000114        -       0x00000060   Zero   RW         1726    .bss                c_w.l(libspace.o)
    0x20000174        -       0x00000200   Zero   RW         1457    .bss.IdleTaskStack  main.o
    0x20000374        -       0x0000004c   Zero   RW         1456    .bss.IdleTaskTCB    main.o
    0x200003c0        -       0x00000004   Zero   RW         1452    .bss.myTaskHandler1  main.o
    0x200003c4        -       0x00000004   Zero   RW         1453    .bss.myTaskHandler2  main.o
    0x200003c8        -       0x00000004   Zero   RW          252    .bss.pxCurrentTCB   tasks.o
    0x200003cc        -       0x00000004   Zero   RW          269    .bss.pxDelayedTaskList  tasks.o
    0x200003d0        -       0x00000004   Zero   RW           16    .bss.pxEnd          heap_4.o
    0x200003d4        -       0x00000004   Zero   RW          270    .bss.pxOverflowDelayedTaskList  tasks.o
    0x200003d8        -       0x00000280   Zero   RW          254    .bss.pxReadyTasksLists  tasks.o
    0x20000658        -       0x00000004   Zero   RW         1451    .bss.sem_count_Handler  main.o
    0x2000065c        -       0x00000004   Zero   RW         1455    .bss.startTaskHandler  main.o
    0x20000660        -       0x00002800   Zero   RW           22    .bss.ucHeap         heap_4.o
    0x20002e60        -       0x00000001   Zero   RW           58    .bss.ulStoppedTimerCompensation  port.o
    0x20002e61   0x08002c44   0x00000003   PAD
    0x20002e64        -       0x00000004   Zero   RW           57    .bss.ulTimerCountsForOneTick  port.o
    0x20002e68        -       0x00000004   Zero   RW          259    .bss.uxCurrentNumberOfTasks  tasks.o
    0x20002e6c        -       0x00000004   Zero   RW          258    .bss.uxDeletedTasksWaitingCleanUp  tasks.o
    0x20002e70        -       0x00000004   Zero   RW          263    .bss.uxSchedulerSuspended  tasks.o
    0x20002e74        -       0x00000004   Zero   RW          256    .bss.uxTaskNumber   tasks.o
    0x20002e78        -       0x00000004   Zero   RW          255    .bss.uxTopReadyPriority  tasks.o
    0x20002e7c        -       0x00000014   Zero   RW          272    .bss.xDelayedTaskList1  tasks.o
    0x20002e90        -       0x00000014   Zero   RW          273    .bss.xDelayedTaskList2  tasks.o
    0x20002ea4        -       0x00000004   Zero   RW           17    .bss.xFreeBytesRemaining  heap_4.o
    0x20002ea8        -       0x00000004   Zero   RW          266    .bss.xIdleTaskHandle  tasks.o
    0x20002eac        -       0x00000004   Zero   RW           56    .bss.xMaximumPossibleSuppressedTicks  port.o
    0x20002eb0        -       0x00000004   Zero   RW           19    .bss.xMinimumEverFreeBytesRemaining  heap_4.o
    0x20002eb4        -       0x00000004   Zero   RW          267    .bss.xNextTaskUnblockTime  tasks.o
    0x20002eb8        -       0x00000004   Zero   RW          271    .bss.xNumOfOverflows  tasks.o
    0x20002ebc        -       0x00000004   Zero   RW           20    .bss.xNumberOfSuccessfulAllocations  heap_4.o
    0x20002ec0        -       0x00000004   Zero   RW           21    .bss.xNumberOfSuccessfulFrees  heap_4.o
    0x20002ec4        -       0x00000004   Zero   RW          268    .bss.xPendedTicks   tasks.o
    0x20002ec8        -       0x00000014   Zero   RW          265    .bss.xPendingReadyList  tasks.o
    0x20002edc        -       0x00000004   Zero   RW          260    .bss.xSchedulerRunning  tasks.o
    0x20002ee0        -       0x00000008   Zero   RW           18    .bss.xStart         heap_4.o
    0x20002ee8        -       0x00000014   Zero   RW          262    .bss.xSuspendedTaskList  tasks.o
    0x20002efc        -       0x00000014   Zero   RW          257    .bss.xTasksWaitingTermination  tasks.o
    0x20002f10        -       0x00000004   Zero   RW          261    .bss.xTickCount     tasks.o
    0x20002f14        -       0x00000004   Zero   RW          264    .bss.xYieldPending  tasks.o
    0x20002f18        -       0x00000200   Zero   RW          283    HEAP                startup_stm32f10x_md.o
    0x20003118        -       0x00000400   Zero   RW          282    STACK               startup_stm32f10x_md.o


==============================================================================

Image component sizes


      Code (inc. data)   RO Data    RW Data    ZI Data      Debug   Object Name

       502          0          0          0      10268       5009   heap_4.o
       150          0          0          0          0       2078   list.o
       566        224         90          0        604       2891   main.o
       114          0          0          0          0       3211   misc.o
       764         12          0          4          9       3925   port.o
       984          0          0          0          0      16681   queue.o
        64         26        236          0       1536        856   startup_stm32f10x_md.o
       188          0          0          0          0       5810   stm32f10x_gpio.o
        32          0          0          0          0       1064   stm32f10x_it.o
       164          0         20          0          0       8192   stm32f10x_rcc.o
       266          0          0          0          0       8571   stm32f10x_usart.o
       268          0          0          4          0       2584   system_stm32f10x.o
      3144          8          4          0        800      27062   tasks.o
       188          0          0          0          0       4289   usart.o

    ----------------------------------------------------------------------
      7472        270        384          8      13224      92223   Object Totals
         0          0         32          0          0          0   (incl. Generated)
        78          0          2          0          7          0   (incl. Padding)

    ----------------------------------------------------------------------

      Code (inc. data)   RO Data    RW Data    ZI Data      Debug   Library Member Name

         8          0          0          0          0         68   __main.o
       184          0          0          0          0         84   __printf_ss.o
         0          0          0          0          0          0   __rtentry.o
        12          0          0          0          0          0   __rtentry2.o
         6          0          0          0          0          0   __rtentry4.o
        94          8          0          0          0          0   __scatter.o
        26          0          0          0          0          0   __scatter_copy.o
        28          0          0          0          0          0   __scatter_zi.o
        48          6          0          0          0         96   _printf_char_common.o
        36          4          0          0          0         80   _printf_char_file.o
       120         16          0          0          0         92   _printf_dec.o
       178          0          0          0          0         88   _printf_intcommon.o
         0          0          0          0          0          0   _printf_percent.o
         4          0          0          0          0          0   _printf_percent_end.o
         6          0          0          0          0          0   _printf_u.o
        10          0          0          0          0         68   defsig_exit.o
        50          0          0          0          0         88   defsig_general.o
        80         58          0          0          0         76   defsig_rtmem_inner.o
        14          0          0          0          0         80   defsig_rtmem_outer.o
        52         38          0          0          0         76   defsig_rtred_inner.o
        14          0          0          0          0         80   defsig_rtred_outer.o
        18          0          0          0          0         80   exit.o
        76          0          0          0          0         88   fclose.o
         8          0          0          0          0         68   ferror.o
       240          6          0          0          0        128   fopen.o
       248          6          0          0          0         84   fseek.o
        66          0          0          0          0         76   ftell.o
        94          0          0          0          0         80   h1_alloc.o
        52          0          0          0          0         68   h1_extend.o
        78          0          0          0          0         80   h1_free.o
        12          0          0          0          0         84   h1_init.o
         6          0          0          0          0        152   heapauxi.o
         4          0          0          0          0        136   hguard.o
         0          0          0          0          0          0   indicate_semi.o
       138          0          0          0          0        168   init_alloc.o
       312         46          0          0          0        112   initio.o
         2          0          0          0          0          0   libinit.o
        14          0          0          0          0          0   libinit2.o
         2          0          0          0          0          0   libshutdown.o
         6          0          0          0          0          0   libshutdown2.o
         8          4          0          0         96         68   libspace.o
         0          0          0          0          0          0   maybetermalloc1.o
        24          4          0          0          0         84   noretval__2printf.o
        44          4          0          0          0         84   puts.o
         8          4          0          0          0         68   rt_errno_addr_intlibspace.o
         8          4          0          0          0         68   rt_heap_descriptor_intlibspace.o
        68          0          0          0          0         68   rt_memclr.o
        78          0          0          0          0         80   rt_memclr_w.o
       138          0          0          0          0         68   rt_memcpy_v6.o
       100          0          0          0          0         80   rt_memcpy_w.o
         2          0          0          0          0          0   rtexit.o
        10          0          0          0          0          0   rtexit2.o
        70          0          0          0          0         80   setvbuf.o
       264          6          0          0          0        160   stdio.o
         0          0          0         12        252          0   stdio_streams.o
        62          0          0          0          0         76   strlen.o
        12          4          0          0          0         68   sys_exit.o
       102          0          0          0          0        240   sys_io.o
         0          0         12          0          0          0   sys_io_names.o
        74          0          0          0          0         80   sys_stackheap_outer.o
        14          0          0          0          0         76   sys_wrch.o
         2          0          0          0          0         68   use_no_semi.o

    ----------------------------------------------------------------------
      3444        218         12         12        348       3896   Library Totals
        10          0          0          0          0          0   (incl. Padding)

    ----------------------------------------------------------------------

      Code (inc. data)   RO Data    RW Data    ZI Data      Debug   Library Name

      3434        218         12         12        348       3896   c_w.l

    ----------------------------------------------------------------------
      3444        218         12         12        348       3896   Library Totals

    ----------------------------------------------------------------------

==============================================================================


      Code (inc. data)   RO Data    RW Data    ZI Data      Debug   

     10916        488        396         20      13572      93915   Grand Totals
     10916        488        396         20      13572      93915   ELF Image Totals
     10916        488        396         20          0          0   ROM Totals

==============================================================================

    Total RO  Size (Code + RO Data)                11312 (  11.05kB)
    Total RW  Size (RW Data + ZI Data)             13592 (  13.27kB)
    Total ROM Size (Code + RO Data + RW Data)      11332 (  11.07kB)

==============================================================================

